Archive member included because of file (symbol)

.\ARM_GCC_484\Debug\PSoC_4_BLE_ACCELEROMETER.a(cyfitter_cfg.o)
                              .\ARM_GCC_484\Debug\Cm0Start.o (cyfitter_cfg)
.\ARM_GCC_484\Debug\PSoC_4_BLE_ACCELEROMETER.a(BLE.o)
                              .\ARM_GCC_484\Debug\main.o (CyBle_Start)
.\ARM_GCC_484\Debug\PSoC_4_BLE_ACCELEROMETER.a(BLE_gatt.o)
                              .\ARM_GCC_484\Debug\app_Ble.o (cyBle_state)
.\ARM_GCC_484\Debug\PSoC_4_BLE_ACCELEROMETER.a(BLE_eventHandler.o)
                              .\ARM_GCC_484\Debug\app_accel.o (cyBle_connHandle)
.\ARM_GCC_484\Debug\PSoC_4_BLE_ACCELEROMETER.a(WakeUpISR.o)
                              .\ARM_GCC_484\Debug\main.o (WakeUpISR_Start)
.\ARM_GCC_484\Debug\PSoC_4_BLE_ACCELEROMETER.a(Sensor_ADC.o)
                              .\ARM_GCC_484\Debug\app_Ble.o (Sensor_ADC_Start)
.\ARM_GCC_484\Debug\PSoC_4_BLE_ACCELEROMETER.a(Sensor_ADC_PM.o)
                              .\ARM_GCC_484\Debug\main.o (Sensor_ADC_Sleep)
.\ARM_GCC_484\Debug\PSoC_4_BLE_ACCELEROMETER.a(Sensor_ADC_INT.o)
                              .\ARM_GCC_484\Debug\PSoC_4_BLE_ACCELEROMETER.a(Sensor_ADC.o) (Sensor_ADC_ISR)
.\ARM_GCC_484\Debug\PSoC_4_BLE_ACCELEROMETER.a(CyBootAsmGnu.o)
                              .\ARM_GCC_484\Debug\PSoC_4_BLE_ACCELEROMETER.a(cyfitter_cfg.o) (CyDelayCycles)
.\ARM_GCC_484\Debug\PSoC_4_BLE_ACCELEROMETER.a(CyLib.o)
                              .\ARM_GCC_484\Debug\main.o (CySysClkImoStart)
.\ARM_GCC_484\Debug\PSoC_4_BLE_ACCELEROMETER.a(cyPm.o)
                              .\ARM_GCC_484\Debug\app_accel.o (CySysPmSleep)
.\ARM_GCC_484\Debug\PSoC_4_BLE_ACCELEROMETER.a(RED.o)
                              .\ARM_GCC_484\Debug\app_accel.o (RED_Write)
.\ARM_GCC_484\Debug\PSoC_4_BLE_ACCELEROMETER.a(GREEN.o)
                              .\ARM_GCC_484\Debug\app_accel.o (GREEN_Write)
.\ARM_GCC_484\Debug\PSoC_4_BLE_ACCELEROMETER.a(BLUE.o)
                              .\ARM_GCC_484\Debug\app_accel.o (BLUE_Write)
D:\Program Files (x86)\Cypress\PSoC Creator\3.1\PSoC Creator\psoc\content\cycomponentlibrary\CyComponentLibrary.cylib\BLE_v1_20\Library\gccCyBLEStack_BLE_SOC_PERIPHERAL.a(CyBle.o)
                              .\ARM_GCC_484\Debug\main.o (CyBle_EnterLPM)
D:\Program Files (x86)\Cypress\PSoC Creator\3.1\PSoC Creator\psoc\content\cycomponentlibrary\CyComponentLibrary.cylib\BLE_v1_20\Library\gccCyBLEStack_BLE_SOC_PERIPHERAL.a(CyBleStackMgrIP_Interface.o)
                              D:\Program Files (x86)\Cypress\PSoC Creator\3.1\PSoC Creator\psoc\content\cycomponentlibrary\CyComponentLibrary.cylib\BLE_v1_20\Library\gccCyBLEStack_BLE_SOC_PERIPHERAL.a(CyBle.o) (CyBleStackMgr_BleGetConfigData)
D:\Program Files (x86)\Cypress\PSoC Creator\3.1\PSoC Creator\psoc\content\cycomponentlibrary\CyComponentLibrary.cylib\BLE_v1_20\Library\gccCyBLEStack_BLE_SOC_PERIPHERAL.a(BT_os.o)
                              D:\Program Files (x86)\Cypress\PSoC Creator\3.1\PSoC Creator\psoc\content\cycomponentlibrary\CyComponentLibrary.cylib\BLE_v1_20\Library\gccCyBLEStack_BLE_SOC_PERIPHERAL.a(CyBleStackMgrIP_Interface.o) (bt_stack_init_os)
D:\Program Files (x86)\Cypress\PSoC Creator\3.1\PSoC Creator\psoc\content\cycomponentlibrary\CyComponentLibrary.cylib\BLE_v1_20\Library\gccCyBLEStack_BLE_SOC_PERIPHERAL.a(CyBleStackMgr_StackTaskHandler.o)
                              D:\Program Files (x86)\Cypress\PSoC Creator\3.1\PSoC Creator\psoc\content\cycomponentlibrary\CyComponentLibrary.cylib\BLE_v1_20\Library\gccCyBLEStack_BLE_SOC_PERIPHERAL.a(CyBleStackMgrIP_Interface.o) (CyBle_CreateBleStackTask)
D:\Program Files (x86)\Cypress\PSoC Creator\3.1\PSoC Creator\psoc\content\cycomponentlibrary\CyComponentLibrary.cylib\BLE_v1_20\Library\gccCyBLEStack_BLE_SOC_PERIPHERAL.a(transport_sf.o)
                              D:\Program Files (x86)\Cypress\PSoC Creator\3.1\PSoC Creator\psoc\content\cycomponentlibrary\CyComponentLibrary.cylib\BLE_v1_20\Library\gccCyBLEStack_BLE_SOC_PERIPHERAL.a(CyBleStackMgr_StackTaskHandler.o) (hci_soft_transport_notify_data_received)
D:\Program Files (x86)\Cypress\PSoC Creator\3.1\PSoC Creator\psoc\content\cycomponentlibrary\CyComponentLibrary.cylib\BLE_v1_20\Library\gccCyBLEStack_BLE_SOC_PERIPHERAL.a(CyBleStackMgr_PSoCHal.o)
                              D:\Program Files (x86)\Cypress\PSoC Creator\3.1\PSoC Creator\psoc\content\cycomponentlibrary\CyComponentLibrary.cylib\BLE_v1_20\Library\gccCyBLEStack_BLE_SOC_PERIPHERAL.a(CyBleStackMgrIP_Interface.o) (CyBleStackMgr_HalInit)
D:\Program Files (x86)\Cypress\PSoC Creator\3.1\PSoC Creator\psoc\content\cycomponentlibrary\CyComponentLibrary.cylib\BLE_v1_20\Library\gccCyBLEStack_BLE_SOC_PERIPHERAL.a(CyBleStackMgr_BleSSDriver.o)
                              D:\Program Files (x86)\Cypress\PSoC Creator\3.1\PSoC Creator\psoc\content\cycomponentlibrary\CyComponentLibrary.cylib\BLE_v1_20\Library\gccCyBLEStack_BLE_SOC_PERIPHERAL.a(CyBleStackMgrIP_Interface.o) (CyBleStackMgr_BleSSInit)
[...]
Memory Configuration

Name             Origin             Length             Attributes
rom              0x00000000         0x00020000         xr
ram              0x20000000         0x00004000         xrw
*default*        0x00000000         0xffffffff

Linker script and memory map

LOAD d:/program files (x86)/cypress/psoc creator/3.1/psoc creator/import/gnu_cs/arm/4.8.4/bin/../lib/gcc/arm-none-eabi/4.8.4/armv6-m/crti.o
LOAD d:/program files (x86)/cypress/psoc creator/3.1/psoc creator/import/gnu_cs/arm/4.8.4/bin/../lib/gcc/arm-none-eabi/4.8.4/armv6-m/crtbegin.o
LOAD d:/program files (x86)/cypress/psoc creator/3.1/psoc creator/import/gnu_cs/arm/4.8.4/bin/../lib/gcc/arm-none-eabi/4.8.4/../../../../arm-none-eabi/lib/armv6-m/crt0.o
START GROUP
LOAD .\ARM_GCC_484\Debug\app_Ble.o
LOAD .\ARM_GCC_484\Debug\app_accel.o
LOAD .\ARM_GCC_484\Debug\main.o
LOAD .\ARM_GCC_484\Debug\cymetadata.o
LOAD .\ARM_GCC_484\Debug\Cm0Start.o
LOAD .\ARM_GCC_484\Debug\PSoC_4_BLE_ACCELEROMETER.a
LOAD D:\Program Files (x86)\Cypress\PSoC Creator\3.1\PSoC Creator\psoc\content\cycomponentlibrary\CyComponentLibrary.cylib\BLE_v1_20\Library\gccCyBLEStack_BLE_SOC_PERIPHERAL.a
LOAD D:\Program Files (x86)\Cypress\PSoC Creator\3.1\PSoC Creator\psoc\content\cycomponentlibrary\CyComponentLibrary.cylib\CortexM0\ARM_GCC_484\Debug\CyComponentLibrary.a
END GROUP
START GROUP
LOAD d:/program files (x86)/cypress/psoc creator/3.1/psoc creator/import/gnu_cs/arm/4.8.4/bin/../lib/gcc/arm-none-eabi/4.8.4/armv6-m\libgcc.a
LOAD d:/program files (x86)/cypress/psoc creator/3.1/psoc creator/import/gnu_cs/arm/4.8.4/bin/../lib/gcc/arm-none-eabi/4.8.4/../../../../arm-none-eabi/lib/armv6-m\libg_s.a
LOAD d:/program files (x86)/cypress/psoc creator/3.1/psoc creator/import/gnu_cs/arm/4.8.4/bin/../lib/gcc/arm-none-eabi/4.8.4/../../../../arm-none-eabi/lib/armv6-m\libc_s.a
END GROUP
START GROUP
LOAD d:/program files (x86)/cypress/psoc creator/3.1/psoc creator/import/gnu_cs/arm/4.8.4/bin/../lib/gcc/arm-none-eabi/4.8.4/armv6-m\libgcc.a
LOAD d:/program files (x86)/cypress/psoc creator/3.1/psoc creator/import/gnu_cs/arm/4.8.4/bin/../lib/gcc/arm-none-eabi/4.8.4/../../../../arm-none-eabi/lib/armv6-m\libc_s.a
END GROUP
LOAD d:/program files (x86)/cypress/psoc creator/3.1/psoc creator/import/gnu_cs/arm/4.8.4/bin/../lib/gcc/arm-none-eabi/4.8.4/armv6-m/crtend.o
LOAD d:/program files (x86)/cypress/psoc creator/3.1/psoc creator/import/gnu_cs/arm/4.8.4/bin/../lib/gcc/arm-none-eabi/4.8.4/armv6-m/crtn.o
START GROUP
LOAD d:/program files (x86)/cypress/psoc creator/3.1/psoc creator/import/gnu_cs/arm/4.8.4/bin/../lib/gcc/arm-none-eabi/4.8.4/armv6-m\libgcc.a
LOAD d:/program files (x86)/cypress/psoc creator/3.1/psoc creator/import/gnu_cs/arm/4.8.4/bin/../lib/gcc/arm-none-eabi/4.8.4/../../../../arm-none-eabi/lib/armv6-m\libc.a
LOAD d:/program files (x86)/cypress/psoc creator/3.1/psoc creator/import/gnu_cs/arm/4.8.4/bin/../lib/gcc/arm-none-eabi/4.8.4/../../../../arm-none-eabi/lib/armv6-m\libnosys.a
END GROUP
                0x00000000                CY_APPL_ORIGIN = 0x0
                0x00000080                CY_FLASH_ROW_SIZE = 0x80
                0x00000001                CY_APPL_NUM = 0x1
                0x00000040                CY_METADATA_SIZE = 0x40
                0x20002508                PROVIDE (__cy_heap_start, _end)
                0x00000001                PROVIDE (__cy_region_num, ((__cy_regions_end - __cy_regions) / 0x10))
                0x20004000                PROVIDE (__cy_stack, (ORIGIN (ram) + 0x4000))
                0x20003800                PROVIDE (__cy_heap_end, (__cy_stack - 0x800))

.cybootloader   0x00000000        0x0
 *(.cybootloader)
                0x00000000                appl1_start = CY_APPL_ORIGIN?CY_APPL_ORIGIN:ALIGN (CY_FLASH_ROW_SIZE)
                0x0000ff80                appl2_start = (appl1_start + ALIGN ((((0x20000 - appl1_start) - (0x2 * CY_FLASH_ROW_SIZE)) / 0x2), CY_FLASH_ROW_SIZE))
                0x00000000                appl_start = (CY_APPL_NUM == 0x1)?appl1_start:appl2_start

.text           0x00000000     0x225c
 CREATE_OBJECT_SYMBOLS
                0x00000000                PROVIDE (__cy_interrupt_vector, RomVectors)
 *(.romvectors)
 .romvectors    0x00000000       0x10 .\ARM_GCC_484\Debug\Cm0Start.o
                0x00000000                RomVectors
                0x00000001                ASSERT ((. != __cy_interrupt_vector), No interrupt vector)
                0x00000001                ASSERT (CY_APPL_ORIGIN?(SIZEOF (.cybootloader) <= CY_APPL_ORIGIN):0x1, Wrong image location)
                0x00000010                PROVIDE (__cy_reset, Reset)
 *(.text.Reset)
 .text.Reset    0x00000010        0x8 .\ARM_GCC_484\Debug\Cm0Start.o
                0x00000010                Reset
                0x00000001                ASSERT ((. != __cy_reset), No reset code)
 *(.psocinit)
 .psocinit      0x00000018      0x30c .\ARM_GCC_484\Debug\PSoC_4_BLE_ACCELEROMETER.a(cyfitter_cfg.o)
                0x00000194                cyfitter_cfg
                0x00000324                . = MAX (., 0x100)
 *(.text .text.* .gnu.linkonce.t.*)
 .text          0x00000324       0x60 d:/program files (x86)/cypress/psoc creator/3.1/psoc creator/import/gnu_cs/arm/4.8.4/bin/../lib/gcc/arm-none-eabi/4.8.4/armv6-m/crtbegin.o
 .text.HandleBleProcessing
                0x00000384       0x5c .\ARM_GCC_484\Debug\app_Ble.o
                0x00000384                HandleBleProcessing
 .text.AppCallBack
                0x000003e0       0x50 .\ARM_GCC_484\Debug\app_Ble.o
                0x000003e0                AppCallBack
 .text.SendCommand
                0x00000430       0x68 .\ARM_GCC_484\Debug\app_accel.o
                0x00000430                SendCommand
 .text.Scan_Accelerometer
                0x00000498      0x218 .\ARM_GCC_484\Debug\app_accel.o
                0x00000498                Scan_Accelerometer
 .text.ManageApplicationPower
                0x000006b0       0x48 .\ARM_GCC_484\Debug\main.o
                0x000006b0                ManageApplicationPower
 .text.ManageSystemPower
                0x000006f8       0x94 .\ARM_GCC_484\Debug\main.o
                0x000006f8                ManageSystemPower
 .text.main     0x0000078c       0x70 .\ARM_GCC_484\Debug\main.o
                0x0000078c                main
 .text.IntDefaultHandler
                0x000007fc        0x8 .\ARM_GCC_484\Debug\Cm0Start.o
                0x000007fc                IntDefaultHandler
 .text.Start_c  0x00000804       0x98 .\ARM_GCC_484\Debug\Cm0Start.o
                0x00000804                Start_c
 .text.initialize_psoc
                0x0000089c       0x70 .\ARM_GCC_484\Debug\Cm0Start.o
                0x0000089c                initialize_psoc
 .text.CYMEMZERO
                0x0000090c       0x20 .\ARM_GCC_484\Debug\PSoC_4_BLE_ACCELEROMETER.a(cyfitter_cfg.o)
 .text.cfg_write_bytes32
                0x0000092c       0x80 .\ARM_GCC_484\Debug\PSoC_4_BLE_ACCELEROMETER.a(cyfitter_cfg.o)
 .text.AnalogSetDefault
                0x000009ac       0x40 .\ARM_GCC_484\Debug\PSoC_4_BLE_ACCELEROMETER.a(cyfitter_cfg.o)
 .text.SetAnalogRoutingPumps
                0x000009ec       0x40 .\ARM_GCC_484\Debug\PSoC_4_BLE_ACCELEROMETER.a(cyfitter_cfg.o)
                0x000009ec                SetAnalogRoutingPumps
 .text.CyBle_Init
                0x00000a2c       0x2c .\ARM_GCC_484\Debug\PSoC_4_BLE_ACCELEROMETER.a(BLE.o)
                0x00000a2c                CyBle_Init
 .text.CyBle_ServiceInit
                0x00000a58        0x8 .\ARM_GCC_484\Debug\PSoC_4_BLE_ACCELEROMETER.a(BLE.o)
                0x00000a58                CyBle_ServiceInit
 .text.CyBle_Start
                0x00000a60       0x90 .\ARM_GCC_484\Debug\PSoC_4_BLE_ACCELEROMETER.a(BLE.o)
                0x00000a60                CyBle_Start
 .text.CyBle_GappStartAdvertisement
                0x00000af0       0xc4 .\ARM_GCC_484\Debug\PSoC_4_BLE_ACCELEROMETER.a(BLE.o)
                0x00000af0                CyBle_GappStartAdvertisement
 .text.CyBle_ChangeAdDeviceAddress
                0x00000bb4       0x60 .\ARM_GCC_484\Debug\PSoC_4_BLE_ACCELEROMETER.a(BLE.o)
                0x00000bb4                CyBle_ChangeAdDeviceAddress
 .text.CyBle_Get16ByPtr
                0x00000c14       0x24 .\ARM_GCC_484\Debug\PSoC_4_BLE_ACCELEROMETER.a(BLE.o)
                0x00000c14                CyBle_Get16ByPtr
 .text.CyBle_GattsWriteEventHandler
                0x00000c38       0xa0 .\ARM_GCC_484\Debug\PSoC_4_BLE_ACCELEROMETER.a(BLE_gatt.o)
                0x00000c38                CyBle_GattsWriteEventHandler
 .text.CyBle_WriteReqHandler
                0x00000cd8       0x70 .\ARM_GCC_484\Debug\PSoC_4_BLE_ACCELEROMETER.a(BLE_eventHandler.o)
 .text.CyBle_ValueConfirmation
                0x00000d48       0x10 .\ARM_GCC_484\Debug\PSoC_4_BLE_ACCELEROMETER.a(BLE_eventHandler.o)
 .text.CyBle_GattDisconnectEventHandler
                0x00000d58       0x18 .\ARM_GCC_484\Debug\PSoC_4_BLE_ACCELEROMETER.a(BLE_eventHandler.o)
 .text.CyBle_TimeOutEventHandler
                0x00000d70       0x10 .\ARM_GCC_484\Debug\PSoC_4_BLE_ACCELEROMETER.a(BLE_eventHandler.o)
 .text.CyBle_GattConnectReqHandler
                0x00000d80        0x8 .\ARM_GCC_484\Debug\PSoC_4_BLE_ACCELEROMETER.a(BLE_eventHandler.o)
 .text.CyBle_IsDeviceAddressValid
                0x00000d88       0x60 .\ARM_GCC_484\Debug\PSoC_4_BLE_ACCELEROMETER.a(BLE_eventHandler.o)
 .text.CyBle_L2Cap_ConnParamUpdateRspEventHandler
                0x00000de8       0x14 .\ARM_GCC_484\Debug\PSoC_4_BLE_ACCELEROMETER.a(BLE_eventHandler.o)
 .text.CyBle_GapConnUpdateCompleteEventHandler
                0x00000dfc       0x10 .\ARM_GCC_484\Debug\PSoC_4_BLE_ACCELEROMETER.a(BLE_eventHandler.o)
 .text.CyBle_EventHandler
                0x00000e0c      0x2b4 .\ARM_GCC_484\Debug\PSoC_4_BLE_ACCELEROMETER.a(BLE_eventHandler.o)
                0x00000e0c                CyBle_EventHandler
 .text.WakeUpISR_Start
                0x000010c0       0x24 .\ARM_GCC_484\Debug\PSoC_4_BLE_ACCELEROMETER.a(WakeUpISR.o)
                0x000010c0                WakeUpISR_Start
 .text.WakeUpISR_Interrupt
                0x000010e4        0x8 .\ARM_GCC_484\Debug\PSoC_4_BLE_ACCELEROMETER.a(WakeUpISR.o)
                0x000010e4                WakeUpISR_Interrupt
 .text.WakeUpISR_SetVector
                0x000010ec       0x18 .\ARM_GCC_484\Debug\PSoC_4_BLE_ACCELEROMETER.a(WakeUpISR.o)
                0x000010ec                WakeUpISR_SetVector
 .text.WakeUpISR_SetPriority
                0x00001104       0x50 .\ARM_GCC_484\Debug\PSoC_4_BLE_ACCELEROMETER.a(WakeUpISR.o)
                0x00001104                WakeUpISR_SetPriority
 .text.WakeUpISR_Enable
                0x00001154       0x14 .\ARM_GCC_484\Debug\PSoC_4_BLE_ACCELEROMETER.a(WakeUpISR.o)
                0x00001154                WakeUpISR_Enable
 .text.WakeUpISR_Disable
                0x00001168       0x14 .\ARM_GCC_484\Debug\PSoC_4_BLE_ACCELEROMETER.a(WakeUpISR.o)
                0x00001168                WakeUpISR_Disable
 .text.Sensor_ADC_Start
                0x0000117c       0x24 .\ARM_GCC_484\Debug\PSoC_4_BLE_ACCELEROMETER.a(Sensor_ADC.o)
                0x0000117c                Sensor_ADC_Start
 .text.Sensor_ADC_Init
                0x000011a0      0x214 .\ARM_GCC_484\Debug\PSoC_4_BLE_ACCELEROMETER.a(Sensor_ADC.o)
                0x000011a0                Sensor_ADC_Init
 .text.Sensor_ADC_Enable
                0x000013b4       0x38 .\ARM_GCC_484\Debug\PSoC_4_BLE_ACCELEROMETER.a(Sensor_ADC.o)
                0x000013b4                Sensor_ADC_Enable
 .text.Sensor_ADC_Stop
                0x000013ec       0x18 .\ARM_GCC_484\Debug\PSoC_4_BLE_ACCELEROMETER.a(Sensor_ADC.o)
                0x000013ec                Sensor_ADC_Stop
 .text.Sensor_ADC_StartConvert
                0x00001404       0x1c .\ARM_GCC_484\Debug\PSoC_4_BLE_ACCELEROMETER.a(Sensor_ADC.o)
                0x00001404                Sensor_ADC_StartConvert
 .text.Sensor_ADC_StopConvert
                0x00001420       0x1c .\ARM_GCC_484\Debug\PSoC_4_BLE_ACCELEROMETER.a(Sensor_ADC.o)
                0x00001420                Sensor_ADC_StopConvert
 .text.Sensor_ADC_IsEndConversion
                0x0000143c       0x48 .\ARM_GCC_484\Debug\PSoC_4_BLE_ACCELEROMETER.a(Sensor_ADC.o)
                0x0000143c                Sensor_ADC_IsEndConversion
 .text.Sensor_ADC_GetResult16
                0x00001484       0x44 .\ARM_GCC_484\Debug\PSoC_4_BLE_ACCELEROMETER.a(Sensor_ADC.o)
                0x00001484                Sensor_ADC_GetResult16
 .text.Sensor_ADC_CountsTo_mVolts
                0x000014c8       0xc8 .\ARM_GCC_484\Debug\PSoC_4_BLE_ACCELEROMETER.a(Sensor_ADC.o)
                0x000014c8                Sensor_ADC_CountsTo_mVolts
 .text.Sensor_ADC_Sleep
                0x00001590       0x84 .\ARM_GCC_484\Debug\PSoC_4_BLE_ACCELEROMETER.a(Sensor_ADC_PM.o)
                0x00001590                Sensor_ADC_Sleep
 .text.Sensor_ADC_Wakeup
                0x00001614       0x58 .\ARM_GCC_484\Debug\PSoC_4_BLE_ACCELEROMETER.a(Sensor_ADC_PM.o)
                0x00001614                Sensor_ADC_Wakeup
 .text.Sensor_ADC_ISR
                0x0000166c       0x1c .\ARM_GCC_484\Debug\PSoC_4_BLE_ACCELEROMETER.a(Sensor_ADC_INT.o)
                0x0000166c                Sensor_ADC_ISR
 .text          0x00001688       0x20 .\ARM_GCC_484\Debug\PSoC_4_BLE_ACCELEROMETER.a(CyBootAsmGnu.o)
                0x00001688                CyDelayCycles
                0x0000169a                CyEnterCriticalSection
                0x000016a2                CyExitCriticalSection
 .text.CySysClkWcoSetHighPowerMode
                0x000016a8       0x3c .\ARM_GCC_484\Debug\PSoC_4_BLE_ACCELEROMETER.a(CyLib.o)
 .text.CySysClkWcoSetLowPowerMode
                0x000016e4       0x48 .\ARM_GCC_484\Debug\PSoC_4_BLE_ACCELEROMETER.a(CyLib.o)
 .text.CySysClkImoStart
                0x0000172c       0x1c .\ARM_GCC_484\Debug\PSoC_4_BLE_ACCELEROMETER.a(CyLib.o)
                0x0000172c                CySysClkImoStart
 .text.CySysClkImoStop
                0x00001748       0x18 .\ARM_GCC_484\Debug\PSoC_4_BLE_ACCELEROMETER.a(CyLib.o)
                0x00001748                CySysClkImoStop
 .text.CySysClkIloStop
                0x00001760       0x64 .\ARM_GCC_484\Debug\PSoC_4_BLE_ACCELEROMETER.a(CyLib.o)
                0x00001760                CySysClkIloStop
 .text.CySysClkIloEnabled
                0x000017c4       0x1c .\ARM_GCC_484\Debug\PSoC_4_BLE_ACCELEROMETER.a(CyLib.o)
 .text.CySysClkGetLfclkSource
                0x000017e0       0x20 .\ARM_GCC_484\Debug\PSoC_4_BLE_ACCELEROMETER.a(CyLib.o)
 .text.CySysClkWriteHfclkDirect
                0x00001800       0x44 .\ARM_GCC_484\Debug\PSoC_4_BLE_ACCELEROMETER.a(CyLib.o)
                0x00001800                CySysClkWriteHfclkDirect
 .text.CySysClkWriteSysclkDiv
                0x00001844       0x44 .\ARM_GCC_484\Debug\PSoC_4_BLE_ACCELEROMETER.a(CyLib.o)
                0x00001844                CySysClkWriteSysclkDiv
 .text.CySysClkEcoStart
                0x00001888       0x74 .\ARM_GCC_484\Debug\PSoC_4_BLE_ACCELEROMETER.a(CyLib.o)
                0x00001888                CySysClkEcoStart
 .text.CySysClkEcoReadStatus
                0x000018fc       0x18 .\ARM_GCC_484\Debug\PSoC_4_BLE_ACCELEROMETER.a(CyLib.o)
                0x000018fc                CySysClkEcoReadStatus
 .text.CySysClkWriteEcoDiv
                0x00001914       0x40 .\ARM_GCC_484\Debug\PSoC_4_BLE_ACCELEROMETER.a(CyLib.o)
                0x00001914                CySysClkWriteEcoDiv
 .text.CySysClkWcoStart
                0x00001954       0x20 .\ARM_GCC_484\Debug\PSoC_4_BLE_ACCELEROMETER.a(CyLib.o)
                0x00001954                CySysClkWcoStart
 .text.CySysClkWcoSetPowerMode
                0x00001974       0x40 .\ARM_GCC_484\Debug\PSoC_4_BLE_ACCELEROMETER.a(CyLib.o)
                0x00001974                CySysClkWcoSetPowerMode
 .text.CySysWdtLocked
                0x000019b4       0x20 .\ARM_GCC_484\Debug\PSoC_4_BLE_ACCELEROMETER.a(CyLib.o)
 .text.CySysWdtReadEnabledStatus
                0x000019d4       0x30 .\ARM_GCC_484\Debug\PSoC_4_BLE_ACCELEROMETER.a(CyLib.o)
                0x000019d4                CySysWdtReadEnabledStatus
 .text.CySysWdtWriteMode
                0x00001a04       0x60 .\ARM_GCC_484\Debug\PSoC_4_BLE_ACCELEROMETER.a(CyLib.o)
                0x00001a04                CySysWdtWriteMode
 .text.CySysWdtReadMode
                0x00001a64       0x24 .\ARM_GCC_484\Debug\PSoC_4_BLE_ACCELEROMETER.a(CyLib.o)
                0x00001a64                CySysWdtReadMode
 .text.CySysWdtEnable
                0x00001a88       0x64 .\ARM_GCC_484\Debug\PSoC_4_BLE_ACCELEROMETER.a(CyLib.o)
                0x00001a88                CySysWdtEnable
 .text.CySysWdtReadCount
                0x00001aec       0x54 .\ARM_GCC_484\Debug\PSoC_4_BLE_ACCELEROMETER.a(CyLib.o)
                0x00001aec                CySysWdtReadCount
 .text.CySysClkLfclkPosedgeCatch
                0x00001b40       0x9c .\ARM_GCC_484\Debug\PSoC_4_BLE_ACCELEROMETER.a(CyLib.o)
 .text.CySysClkLfclkPosedgeRestore
                0x00001bdc       0x3c .\ARM_GCC_484\Debug\PSoC_4_BLE_ACCELEROMETER.a(CyLib.o)
 .text.CyIntSetVector
                0x00001c18       0x4c .\ARM_GCC_484\Debug\PSoC_4_BLE_ACCELEROMETER.a(CyLib.o)
                0x00001c18                CyIntSetVector
 .text.CyIntSetPriority
                0x00001c64       0xa8 .\ARM_GCC_484\Debug\PSoC_4_BLE_ACCELEROMETER.a(CyLib.o)
                0x00001c64                CyIntSetPriority
 .text.CyHalt   0x00001d0c       0x14 .\ARM_GCC_484\Debug\PSoC_4_BLE_ACCELEROMETER.a(CyLib.o)
                0x00001d0c                CyHalt
 .text.CyDelay  0x00001d20       0x48 .\ARM_GCC_484\Debug\PSoC_4_BLE_ACCELEROMETER.a(CyLib.o)
                0x00001d20                CyDelay
 .text.CyDelayUs
                0x00001d68       0x28 .\ARM_GCC_484\Debug\PSoC_4_BLE_ACCELEROMETER.a(CyLib.o)
                0x00001d68                CyDelayUs
 .text.CySysPmSleep
                0x00001d90       0x34 .\ARM_GCC_484\Debug\PSoC_4_BLE_ACCELEROMETER.a(cyPm.o)
                0x00001d90                CySysPmSleep
 .text.CySysPmDeepSleep
                0x00001dc4       0x6c .\ARM_GCC_484\Debug\PSoC_4_BLE_ACCELEROMETER.a(cyPm.o)
                0x00001dc4                CySysPmDeepSleep
 .text.RED_Write
                0x00001e30       0x4c .\ARM_GCC_484\Debug\PSoC_4_BLE_ACCELEROMETER.a(RED.o)
                0x00001e30                RED_Write
 .text.GREEN_Write
                0x00001e7c       0x4c .\ARM_GCC_484\Debug\PSoC_4_BLE_ACCELEROMETER.a(GREEN.o)
                0x00001e7c                GREEN_Write
 .text.BLUE_Write
                0x00001ec8       0x48 .\ARM_GCC_484\Debug\PSoC_4_BLE_ACCELEROMETER.a(BLUE.o)
                0x00001ec8                BLUE_Write
 .text.CyBLE_Bless_LlRegWrite
                0x00001f10       0x1c .\ARM_GCC_484\Debug\PSoC_4_BLE_ACCELEROMETER.a(BLE_HAL_PVT.o)
                0x00001f10                CyBLE_Bless_LlRegWrite
 .text.CyBLE_Bless_RfRegWrite
                0x00001f2c       0x1c .\ARM_GCC_484\Debug\PSoC_4_BLE_ACCELEROMETER.a(BLE_HAL_PVT.o)
                0x00001f2c                CyBLE_Bless_RfRegWrite
 .text.CyBleHal_DelayUs
                0x00001f48       0x1c .\ARM_GCC_484\Debug\PSoC_4_BLE_ACCELEROMETER.a(BLE_HAL_PVT.o)
                0x00001f48                CyBleHal_DelayUs
 .text.CyBleHal_EnableGlobalInterrupts
                0x00001f64        0xc .\ARM_GCC_484\Debug\PSoC_4_BLE_ACCELEROMETER.a(BLE_HAL_PVT.o)
                0x00001f64                CyBleHal_EnableGlobalInterrupts
 .text.CyBleHal_DisableGlobalInterrupts
                0x00001f70        0xc .\ARM_GCC_484\Debug\PSoC_4_BLE_ACCELEROMETER.a(BLE_HAL_PVT.o)
                0x00001f70                CyBleHal_DisableGlobalInterrupts
 .text.CyBle_HalInit
                0x00001f7c       0x20 .\ARM_GCC_484\Debug\PSoC_4_BLE_ACCELEROMETER.a(BLE_HAL_PVT.o)
                0x00001f7c                CyBle_HalInit
 .text.CYBLE_BlessStart
                0x00001f9c       0x14 .\ARM_GCC_484\Debug\PSoC_4_BLE_ACCELEROMETER.a(BLE_HAL_PVT.o)
                0x00001f9c                CYBLE_BlessStart
 .text.BLE_bless_isr_StartEx
                0x00001fb0       0x24 .\ARM_GCC_484\Debug\PSoC_4_BLE_ACCELEROMETER.a(BLE_bless_isr.o)
                0x00001fb0                BLE_bless_isr_StartEx
 .text.BLE_bless_isr_SetVector
                0x00001fd4       0x18 .\ARM_GCC_484\Debug\PSoC_4_BLE_ACCELEROMETER.a(BLE_bless_isr.o)
                0x00001fd4                BLE_bless_isr_SetVector
 .text.BLE_bless_isr_SetPriority
                0x00001fec       0x50 .\ARM_GCC_484\Debug\PSoC_4_BLE_ACCELEROMETER.a(BLE_bless_isr.o)
                0x00001fec                BLE_bless_isr_SetPriority
 .text.BLE_bless_isr_Enable
                0x0000203c       0x14 .\ARM_GCC_484\Debug\PSoC_4_BLE_ACCELEROMETER.a(BLE_bless_isr.o)
                0x0000203c                BLE_bless_isr_Enable
 .text.BLE_bless_isr_Disable
                0x00002050       0x14 .\ARM_GCC_484\Debug\PSoC_4_BLE_ACCELEROMETER.a(BLE_bless_isr.o)
                0x00002050                BLE_bless_isr_Disable
 .text.CyBLE_Bless_Interrupt
                0x00002064        0xc .\ARM_GCC_484\Debug\PSoC_4_BLE_ACCELEROMETER.a(BLE_HAL_INT.o)
                0x00002064                CyBLE_Bless_Interrupt
 .text          0x00002070       0x9c d:/program files (x86)/cypress/psoc creator/3.1/psoc creator/import/gnu_cs/arm/4.8.4/bin/../lib/gcc/arm-none-eabi/4.8.4/armv6-m\libgcc.a(_udivsi3.o)
                0x00002070                __aeabi_uidiv
                0x00002070                __udivsi3
                0x000020f8                __aeabi_uidivmod
 .text          0x0000210c       0xc0 d:/program files (x86)/cypress/psoc creator/3.1/psoc creator/import/gnu_cs/arm/4.8.4/bin/../lib/gcc/arm-none-eabi/4.8.4/armv6-m\libgcc.a(_divsi3.o)
                0x0000210c                __divsi3
                0x0000210c                __aeabi_idiv
                0x000021b8                __aeabi_idivmod
 .text          0x000021cc        0x4 d:/program files (x86)/cypress/psoc creator/3.1/psoc creator/import/gnu_cs/arm/4.8.4/bin/../lib/gcc/arm-none-eabi/4.8.4/armv6-m\libgcc.a(_dvmd_tls.o)
                0x000021cc                __aeabi_idiv0
                0x000021cc                __aeabi_ldiv0
 .text.__libc_init_array
                0x000021d0       0x4c d:/program files (x86)/cypress/psoc creator/3.1/psoc creator/import/gnu_cs/arm/4.8.4/bin/../lib/gcc/arm-none-eabi/4.8.4/../../../../arm-none-eabi/lib/armv6-m\libg_s.a(lib_a-init.o)
                0x000021d0                __libc_init_array
 .text.memcmp   0x0000221c       0x1e d:/program files (x86)/cypress/psoc creator/3.1/psoc creator/import/gnu_cs/arm/4.8.4/bin/../lib/gcc/arm-none-eabi/4.8.4/../../../../arm-none-eabi/lib/armv6-m\libg_s.a(lib_a-memcmp.o)
                0x0000221c                memcmp
 .text.memcpy   0x0000223a       0x12 d:/program files (x86)/cypress/psoc creator/3.1/psoc creator/import/gnu_cs/arm/4.8.4/bin/../lib/gcc/arm-none-eabi/4.8.4/../../../../arm-none-eabi/lib/armv6-m\libg_s.a(lib_a-memcpy-stub.o)
                0x0000223a                memcpy
 .text.memset   0x0000224c       0x10 d:/program files (x86)/cypress/psoc creator/3.1/psoc creator/import/gnu_cs/arm/4.8.4/bin/../lib/gcc/arm-none-eabi/4.8.4/../../../../arm-none-eabi/lib/armv6-m\libg_s.a(lib_a-memset.o)
                0x0000224c                memset
 *(.plt)
 *(.gnu.warning)
 *(.glue_7t)
 .glue_7t       0x00000000        0x0 linker stubs
 *(.glue_7)
 .glue_7        0x00000000        0x0 linker stubs
 *(.vfp11_veneer)
 .vfp11_veneer  0x00000000        0x0 linker stubs
 *(.bootloader)
 *(.ARM.extab* .gnu.linkonce.armextab.*)
 *(.gcc_except_table)

.v4_bx          0x0000225c        0x0
 .v4_bx         0x00000000        0x0 linker stubs

.iplt           0x0000225c        0x0
 .iplt          0x00000000        0x0 d:/program files (x86)/cypress/psoc creator/3.1/psoc creator/import/gnu_cs/arm/4.8.4/bin/../lib/gcc/arm-none-eabi/4.8.4/armv6-m/crtbegin.o

i.CyBle_EnterLPM
                0x0000225c        0x8
 i.CyBle_EnterLPM
                0x0000225c        0x8 D:\Program Files (x86)\Cypress\PSoC Creator\3.1\PSoC Creator\psoc\content\cycomponentlibrary\CyComponentLibrary.cylib\BLE_v1_20\Library\gccCyBLEStack_BLE_SOC_PERIPHERAL.a(CyBle.o)
                0x0000225c                CyBle_EnterLPM

i.CyBle_ExitLPM
                0x00002264        0x8
 i.CyBle_ExitLPM
                0x00002264        0x8 D:\Program Files (x86)\Cypress\PSoC Creator\3.1\PSoC Creator\psoc\content\cycomponentlibrary\CyComponentLibrary.cylib\BLE_v1_20\Library\gccCyBLEStack_BLE_SOC_PERIPHERAL.a(CyBle.o)
                0x00002264                CyBle_ExitLPM

i.CyBle_ProcessEvents
                0x0000226c        0x8
 i.CyBle_ProcessEvents
                0x0000226c        0x8 D:\Program Files (x86)\Cypress\PSoC Creator\3.1\PSoC Creator\psoc\content\cycomponentlibrary\CyComponentLibrary.cylib\BLE_v1_20\Library\gccCyBLEStack_BLE_SOC_PERIPHERAL.a(CyBle.o)
                0x0000226c                CyBle_ProcessEvents

i.CyBle_SetDeviceAddress
                0x00002274       0x24
 i.CyBle_SetDeviceAddress
                0x00002274       0x24 D:\Program Files (x86)\Cypress\PSoC Creator\3.1\PSoC Creator\psoc\content\cycomponentlibrary\CyComponentLibrary.cylib\BLE_v1_20\Library\gccCyBLEStack_BLE_SOC_PERIPHERAL.a(CyBle.o)
                0x00002274                CyBle_SetDeviceAddress

i.CyBle_StackInit
                0x00002298       0x84
 i.CyBle_StackInit
                0x00002298       0x84 D:\Program Files (x86)\Cypress\PSoC Creator\3.1\PSoC Creator\psoc\content\cycomponentlibrary\CyComponentLibrary.cylib\BLE_v1_20\Library\gccCyBLEStack_BLE_SOC_PERIPHERAL.a(CyBle.o)
                0x00002298                CyBle_StackInit

i.CyBleStackMgr_BleGetConfigData
                0x0000231c        0x4
 i.CyBleStackMgr_BleGetConfigData
                0x0000231c        0x4 D:\Program Files (x86)\Cypress\PSoC Creator\3.1\PSoC Creator\psoc\content\cycomponentlibrary\CyComponentLibrary.cylib\BLE_v1_20\Library\gccCyBLEStack_BLE_SOC_PERIPHERAL.a(CyBleStackMgrIP_Interface.o)
                0x0000231c                CyBleStackMgr_BleGetConfigData

i.CyBleStackMgr_BleSetConfigData
                0x00002320        0x4
 i.CyBleStackMgr_BleSetConfigData
                0x00002320        0x4 D:\Program Files (x86)\Cypress\PSoC Creator\3.1\PSoC Creator\psoc\content\cycomponentlibrary\CyComponentLibrary.cylib\BLE_v1_20\Library\gccCyBLEStack_BLE_SOC_PERIPHERAL.a(CyBleStackMgrIP_Interface.o)
                0x00002320                CyBleStackMgr_BleSetConfigData

i.CyBleStackMgr_Init
                0x00002324      0x104
 i.CyBleStackMgr_Init
                0x00002324      0x104 D:\Program Files (x86)\Cypress\PSoC Creator\3.1\PSoC Creator\psoc\content\cycomponentlibrary\CyComponentLibrary.cylib\BLE_v1_20\Library\gccCyBLEStack_BLE_SOC_PERIPHERAL.a(CyBleStackMgrIP_Interface.o)
                0x00002324                CyBleStackMgr_Init

i.CyBleStackMgr_ProcessBleEvents
                0x00002428       0x14
 i.CyBleStackMgr_ProcessBleEvents
                0x00002428       0x14 D:\Program Files (x86)\Cypress\PSoC Creator\3.1\PSoC Creator\psoc\content\cycomponentlibrary\CyComponentLibrary.cylib\BLE_v1_20\Library\gccCyBLEStack_BLE_SOC_PERIPHERAL.a(CyBleStackMgrIP_Interface.o)
                0x00002428                CyBleStackMgr_ProcessBleEvents

i.ble_stack_idle_task_callback
                0x0000243c        0x2
 i.ble_stack_idle_task_callback
                0x0000243c        0x2 D:\Program Files (x86)\Cypress\PSoC Creator\3.1\PSoC Creator\psoc\content\cycomponentlibrary\CyComponentLibrary.cylib\BLE_v1_20\Library\gccCyBLEStack_BLE_SOC_PERIPHERAL.a(CyBleStackMgrIP_Interface.o)
                0x0000243c                ble_stack_idle_task_callback

i.BT_OSFreeBuf  0x00002440       0x18
 i.BT_OSFreeBuf
                0x00002440       0x18 D:\Program Files (x86)\Cypress\PSoC Creator\3.1\PSoC Creator\psoc\content\cycomponentlibrary\CyComponentLibrary.cylib\BLE_v1_20\Library\gccCyBLEStack_BLE_SOC_PERIPHERAL.a(BT_os.o)
                0x00002440                BT_OSFreeBuf

i.BT_OSGetBuF   0x00002458       0x1c
 i.BT_OSGetBuF  0x00002458       0x1c D:\Program Files (x86)\Cypress\PSoC Creator\3.1\PSoC Creator\psoc\content\cycomponentlibrary\CyComponentLibrary.cylib\BLE_v1_20\Library\gccCyBLEStack_BLE_SOC_PERIPHERAL.a(BT_os.o)
                0x00002458                BT_OSGetBuF

i.BT_OSMemCreate
                0x00002474       0x1c
 i.BT_OSMemCreate
                0x00002474       0x1c D:\Program Files (x86)\Cypress\PSoC Creator\3.1\PSoC Creator\psoc\content\cycomponentlibrary\CyComponentLibrary.cylib\BLE_v1_20\Library\gccCyBLEStack_BLE_SOC_PERIPHERAL.a(BT_os.o)
                0x00002474                BT_OSMemCreate

i.BT_alloc_mem_ext
                0x00002490       0x34
 i.BT_alloc_mem_ext
                0x00002490       0x34 D:\Program Files (x86)\Cypress\PSoC Creator\3.1\PSoC Creator\psoc\content\cycomponentlibrary\CyComponentLibrary.cylib\BLE_v1_20\Library\gccCyBLEStack_BLE_SOC_PERIPHERAL.a(BT_os.o)
                0x00002490                BT_alloc_mem_ext

i.BT_free_mem   0x000024c4        0xc
 i.BT_free_mem  0x000024c4        0xc D:\Program Files (x86)\Cypress\PSoC Creator\3.1\PSoC Creator\psoc\content\cycomponentlibrary\CyComponentLibrary.cylib\BLE_v1_20\Library\gccCyBLEStack_BLE_SOC_PERIPHERAL.a(BT_os.o)
                0x000024c4                BT_free_mem

i.bt_stack_init_os
                0x000024d0       0x34
 i.bt_stack_init_os
                0x000024d0       0x34 D:\Program Files (x86)\Cypress\PSoC Creator\3.1\PSoC Creator\psoc\content\cycomponentlibrary\CyComponentLibrary.cylib\BLE_v1_20\Library\gccCyBLEStack_BLE_SOC_PERIPHERAL.a(BT_os.o)
                0x000024d0                bt_stack_init_os

i.CyBle_CheckBleStackTaskStatus
                0x00002504        0x4
 i.CyBle_CheckBleStackTaskStatus
                0x00002504        0x4 D:\Program Files (x86)\Cypress\PSoC Creator\3.1\PSoC Creator\psoc\content\cycomponentlibrary\CyComponentLibrary.cylib\BLE_v1_20\Library\gccCyBLEStack_BLE_SOC_PERIPHERAL.a(CyBleStackMgr_StackTaskHandler.o)
                0x00002504                CyBle_CheckBleStackTaskStatus

i.CyBle_CreateBleStackTask
                0x00002508       0x2c
 i.CyBle_CreateBleStackTask
                0x00002508       0x2c D:\Program Files (x86)\Cypress\PSoC Creator\3.1\PSoC Creator\psoc\content\cycomponentlibrary\CyComponentLibrary.cylib\BLE_v1_20\Library\gccCyBLEStack_BLE_SOC_PERIPHERAL.a(CyBleStackMgr_StackTaskHandler.o)
                0x00002508                CyBle_CreateBleStackTask

i.CyBle_SignalBleStackTask
                0x00002534       0x50
 i.CyBle_SignalBleStackTask
                0x00002534       0x50 D:\Program Files (x86)\Cypress\PSoC Creator\3.1\PSoC Creator\psoc\content\cycomponentlibrary\CyComponentLibrary.cylib\BLE_v1_20\Library\gccCyBLEStack_BLE_SOC_PERIPHERAL.a(CyBleStackMgr_StackTaskHandler.o)
                0x00002534                CyBle_SignalBleStackTask

i.CyBle_StackTaskHandler
                0x00002584       0x5c
 i.CyBle_StackTaskHandler
                0x00002584       0x5c D:\Program Files (x86)\Cypress\PSoC Creator\3.1\PSoC Creator\psoc\content\cycomponentlibrary\CyComponentLibrary.cylib\BLE_v1_20\Library\gccCyBLEStack_BLE_SOC_PERIPHERAL.a(CyBleStackMgr_StackTaskHandler.o)
                0x00002584                CyBle_StackTaskHandler

i.__ARM_common_switch8
                0x000025e0       0x1a
 i.__ARM_common_switch8
                0x000025e0       0x1a D:\Program Files (x86)\Cypress\PSoC Creator\3.1\PSoC Creator\psoc\content\cycomponentlibrary\CyComponentLibrary.cylib\BLE_v1_20\Library\gccCyBLEStack_BLE_SOC_PERIPHERAL.a(CyBleStackMgr_StackTaskHandler.o)
                0x000025e0                __ARM_common_switch8

i.hci_soft_transport_notify_data_received
                0x000025fc        0xc
 i.hci_soft_transport_notify_data_received
                0x000025fc        0xc D:\Program Files (x86)\Cypress\PSoC Creator\3.1\PSoC Creator\psoc\content\cycomponentlibrary\CyComponentLibrary.cylib\BLE_v1_20\Library\gccCyBLEStack_BLE_SOC_PERIPHERAL.a(transport_sf.o)
                0x000025fc                hci_soft_transport_notify_data_received

i.hci_soft_transport_rx_data
                0x00002608       0x40
 i.hci_soft_transport_rx_data
                0x00002608       0x40 D:\Program Files (x86)\Cypress\PSoC Creator\3.1\PSoC Creator\psoc\content\cycomponentlibrary\CyComponentLibrary.cylib\BLE_v1_20\Library\gccCyBLEStack_BLE_SOC_PERIPHERAL.a(transport_sf.o)
                0x00002608                hci_soft_transport_rx_data

i.hci_transport_bt_init
                0x00002648        0x2
 i.hci_transport_bt_init
                0x00002648        0x2 D:\Program Files (x86)\Cypress\PSoC Creator\3.1\PSoC Creator\psoc\content\cycomponentlibrary\CyComponentLibrary.cylib\BLE_v1_20\Library\gccCyBLEStack_BLE_SOC_PERIPHERAL.a(transport_sf.o)
                0x00002648                hci_transport_bt_init

i.hci_transport_init
                0x0000264c       0x10
 i.hci_transport_init
                0x0000264c       0x10 D:\Program Files (x86)\Cypress\PSoC Creator\3.1\PSoC Creator\psoc\content\cycomponentlibrary\CyComponentLibrary.cylib\BLE_v1_20\Library\gccCyBLEStack_BLE_SOC_PERIPHERAL.a(transport_sf.o)
                0x0000264c                hci_transport_init

i.hci_transport_write_data
                0x0000265c       0xd4
 i.hci_transport_write_data
                0x0000265c       0xd4 D:\Program Files (x86)\Cypress\PSoC Creator\3.1\PSoC Creator\psoc\content\cycomponentlibrary\CyComponentLibrary.cylib\BLE_v1_20\Library\gccCyBLEStack_BLE_SOC_PERIPHERAL.a(transport_sf.o)
                0x0000265c                hci_transport_write_data

i.pf_hci_soft_transport_write
                0x00002730       0x44
 i.pf_hci_soft_transport_write
                0x00002730       0x44 D:\Program Files (x86)\Cypress\PSoC Creator\3.1\PSoC Creator\psoc\content\cycomponentlibrary\CyComponentLibrary.cylib\BLE_v1_20\Library\gccCyBLEStack_BLE_SOC_PERIPHERAL.a(transport_sf.o)
                0x00002730                pf_hci_soft_transport_write

i.pf_soft_hci_transport_init
                0x00002774        0xc
 i.pf_soft_hci_transport_init
                0x00002774        0xc D:\Program Files (x86)\Cypress\PSoC Creator\3.1\PSoC Creator\psoc\content\cycomponentlibrary\CyComponentLibrary.cylib\BLE_v1_20\Library\gccCyBLEStack_BLE_SOC_PERIPHERAL.a(transport_sf.o)
                0x00002774                pf_soft_hci_transport_init

i.CyBleStackMgr_GetTime
                0x00002780       0x14
 i.CyBleStackMgr_GetTime
                0x00002780       0x14 D:\Program Files (x86)\Cypress\PSoC Creator\3.1\PSoC Creator\psoc\content\cycomponentlibrary\CyComponentLibrary.cylib\BLE_v1_20\Library\gccCyBLEStack_BLE_SOC_PERIPHERAL.a(CyBleStackMgr_PSoCHal.o)
                0x00002780                CyBleStackMgr_GetTime

i.CyBleStackMgr_HalInit
                0x00002794       0x24
 i.CyBleStackMgr_HalInit
                0x00002794       0x24 D:\Program Files (x86)\Cypress\PSoC Creator\3.1\PSoC Creator\psoc\content\cycomponentlibrary\CyComponentLibrary.cylib\BLE_v1_20\Library\gccCyBLEStack_BLE_SOC_PERIPHERAL.a(CyBleStackMgr_PSoCHal.o)
                0x00002794                CyBleStackMgr_HalInit

i.CyBleStackMgr_HalIntrEnable
                0x000027b8        0x8
 i.CyBleStackMgr_HalIntrEnable
                0x000027b8        0x8 D:\Program Files (x86)\Cypress\PSoC Creator\3.1\PSoC Creator\psoc\content\cycomponentlibrary\CyComponentLibrary.cylib\BLE_v1_20\Library\gccCyBLEStack_BLE_SOC_PERIPHERAL.a(CyBleStackMgr_PSoCHal.o)
                0x000027b8                CyBleStackMgr_HalIntrEnable

i.CyBleStackMgr_HandleLinkLayerTick
                0x000027c0       0x5c
 i.CyBleStackMgr_HandleLinkLayerTick
                0x000027c0       0x5c D:\Program Files (x86)\Cypress\PSoC Creator\3.1\PSoC Creator\psoc\content\cycomponentlibrary\CyComponentLibrary.cylib\BLE_v1_20\Library\gccCyBLEStack_BLE_SOC_PERIPHERAL.a(CyBleStackMgr_PSoCHal.o)
                0x000027c0                CyBleStackMgr_HandleLinkLayerTick

i.CyBleStackMgr_HciPortInit
                0x0000281c        0xc
 i.CyBleStackMgr_HciPortInit
                0x0000281c        0xc D:\Program Files (x86)\Cypress\PSoC Creator\3.1\PSoC Creator\psoc\content\cycomponentlibrary\CyComponentLibrary.cylib\BLE_v1_20\Library\gccCyBLEStack_BLE_SOC_PERIPHERAL.a(CyBleStackMgr_PSoCHal.o)
                0x0000281c                CyBleStackMgr_HciPortInit

i.CyBleStackMgr_HciPortReset
                0x00002828        0x2
 i.CyBleStackMgr_HciPortReset
                0x00002828        0x2 D:\Program Files (x86)\Cypress\PSoC Creator\3.1\PSoC Creator\psoc\content\cycomponentlibrary\CyComponentLibrary.cylib\BLE_v1_20\Library\gccCyBLEStack_BLE_SOC_PERIPHERAL.a(CyBleStackMgr_PSoCHal.o)
                0x00002828                CyBleStackMgr_HciPortReset

i.CyBleStackMgr_HciPortWrite
                0x0000282a        0x8
 i.CyBleStackMgr_HciPortWrite
                0x0000282a        0x8 D:\Program Files (x86)\Cypress\PSoC Creator\3.1\PSoC Creator\psoc\content\cycomponentlibrary\CyComponentLibrary.cylib\BLE_v1_20\Library\gccCyBLEStack_BLE_SOC_PERIPHERAL.a(CyBleStackMgr_PSoCHal.o)
                0x0000282a                CyBleStackMgr_HciPortWrite

i.CyBleStackMgr_ResetLinkLayerTimerEntity
                0x00002834       0x14
 i.CyBleStackMgr_ResetLinkLayerTimerEntity
                0x00002834       0x14 D:\Program Files (x86)\Cypress\PSoC Creator\3.1\PSoC Creator\psoc\content\cycomponentlibrary\CyComponentLibrary.cylib\BLE_v1_20\Library\gccCyBLEStack_BLE_SOC_PERIPHERAL.a(CyBleStackMgr_PSoCHal.o)
                0x00002834                CyBleStackMgr_ResetLinkLayerTimerEntity

i.CyBleStackMgr_TimerStart
                0x00002848       0x2c
 i.CyBleStackMgr_TimerStart
                0x00002848       0x2c D:\Program Files (x86)\Cypress\PSoC Creator\3.1\PSoC Creator\psoc\content\cycomponentlibrary\CyComponentLibrary.cylib\BLE_v1_20\Library\gccCyBLEStack_BLE_SOC_PERIPHERAL.a(CyBleStackMgr_PSoCHal.o)
                0x00002848                CyBleStackMgr_TimerStart

i.CyBleStackMgr_TimerStop
                0x00002874       0x18
 i.CyBleStackMgr_TimerStop
                0x00002874       0x18 D:\Program Files (x86)\Cypress\PSoC Creator\3.1\PSoC Creator\psoc\content\cycomponentlibrary\CyComponentLibrary.cylib\BLE_v1_20\Library\gccCyBLEStack_BLE_SOC_PERIPHERAL.a(CyBleStackMgr_PSoCHal.o)
                0x00002874                CyBleStackMgr_TimerStop

i.CyBleStackMgr_isTimerRunning
                0x0000288c       0x10
 i.CyBleStackMgr_isTimerRunning
                0x0000288c       0x10 D:\Program Files (x86)\Cypress\PSoC Creator\3.1\PSoC Creator\psoc\content\cycomponentlibrary\CyComponentLibrary.cylib\BLE_v1_20\Library\gccCyBLEStack_BLE_SOC_PERIPHERAL.a(CyBleStackMgr_PSoCHal.o)
                0x0000288c                CyBleStackMgr_isTimerRunning

i.CyBleAtlantisRadioInit
                0x0000289c      0x1ac
 i.CyBleAtlantisRadioInit
                0x0000289c      0x1ac D:\Program Files (x86)\Cypress\PSoC Creator\3.1\PSoC Creator\psoc\content\cycomponentlibrary\CyComponentLibrary.cylib\BLE_v1_20\Library\gccCyBLEStack_BLE_SOC_PERIPHERAL.a(CyBleStackMgr_BleSSDriver.o)

i.CyBleStackMgr_BleSSFifoRead
                0x00002a48       0x38
 i.CyBleStackMgr_BleSSFifoRead
                0x00002a48       0x38 D:\Program Files (x86)\Cypress\PSoC Creator\3.1\PSoC Creator\psoc\content\cycomponentlibrary\CyComponentLibrary.cylib\BLE_v1_20\Library\gccCyBLEStack_BLE_SOC_PERIPHERAL.a(CyBleStackMgr_BleSSDriver.o)
                0x00002a48                CyBleStackMgr_BleSSFifoRead

i.CyBleStackMgr_BleSSFifoWrite
                0x00002a80       0x30
 i.CyBleStackMgr_BleSSFifoWrite
                0x00002a80       0x30 D:\Program Files (x86)\Cypress\PSoC Creator\3.1\PSoC Creator\psoc\content\cycomponentlibrary\CyComponentLibrary.cylib\BLE_v1_20\Library\gccCyBLEStack_BLE_SOC_PERIPHERAL.a(CyBleStackMgr_BleSSDriver.o)
                0x00002a80                CyBleStackMgr_BleSSFifoWrite

i.CyBleStackMgr_BleSSInit
                0x00002ab0       0x50
 i.CyBleStackMgr_BleSSInit
                0x00002ab0       0x50 D:\Program Files (x86)\Cypress\PSoC Creator\3.1\PSoC Creator\psoc\content\cycomponentlibrary\CyComponentLibrary.cylib\BLE_v1_20\Library\gccCyBLEStack_BLE_SOC_PERIPHERAL.a(CyBleStackMgr_BleSSDriver.o)
                0x00002ab0                CyBleStackMgr_BleSSInit

i.CyBleStackMgr_BleSSMemRead
                0x00002b00       0x26
 i.CyBleStackMgr_BleSSMemRead
                0x00002b00       0x26 D:\Program Files (x86)\Cypress\PSoC Creator\3.1\PSoC Creator\psoc\content\cycomponentlibrary\CyComponentLibrary.cylib\BLE_v1_20\Library\gccCyBLEStack_BLE_SOC_PERIPHERAL.a(CyBleStackMgr_BleSSDriver.o)
                0x00002b00                CyBleStackMgr_BleSSMemRead

i.CyBleStackMgr_BleSSMemWrite
                0x00002b28       0x34
 i.CyBleStackMgr_BleSSMemWrite
                0x00002b28       0x34 D:\Program Files (x86)\Cypress\PSoC Creator\3.1\PSoC Creator\psoc\content\cycomponentlibrary\CyComponentLibrary.cylib\BLE_v1_20\Library\gccCyBLEStack_BLE_SOC_PERIPHERAL.a(CyBleStackMgr_BleSSDriver.o)
                0x00002b28                CyBleStackMgr_BleSSMemWrite

i.CyBleStackMgr_BleSSRegRead
                0x00002b5c        0xc
 i.CyBleStackMgr_BleSSRegRead
                0x00002b5c        0xc D:\Program Files (x86)\Cypress\PSoC Creator\3.1\PSoC Creator\psoc\content\cycomponentlibrary\CyComponentLibrary.cylib\BLE_v1_20\Library\gccCyBLEStack_BLE_SOC_PERIPHERAL.a(CyBleStackMgr_BleSSDriver.o)
                0x00002b5c                CyBleStackMgr_BleSSRegRead

i.CyBleStackMgr_BleSSRegWrite
                0x00002b68        0xc
 i.CyBleStackMgr_BleSSRegWrite
                0x00002b68        0xc D:\Program Files (x86)\Cypress\PSoC Creator\3.1\PSoC Creator\psoc\content\cycomponentlibrary\CyComponentLibrary.cylib\BLE_v1_20\Library\gccCyBLEStack_BLE_SOC_PERIPHERAL.a(CyBleStackMgr_BleSSDriver.o)
                0x00002b68                CyBleStackMgr_BleSSRegWrite

i.CyBleStackMgr_BleSSReset
                0x00002b74       0x38
 i.CyBleStackMgr_BleSSReset
                0x00002b74       0x38 D:\Program Files (x86)\Cypress\PSoC Creator\3.1\PSoC Creator\psoc\content\cycomponentlibrary\CyComponentLibrary.cylib\BLE_v1_20\Library\gccCyBLEStack_BLE_SOC_PERIPHERAL.a(CyBleStackMgr_BleSSDriver.o)
                0x00002b74                CyBleStackMgr_BleSSReset

i.CyBleStackMgr_BleSSShutdown
                0x00002bac       0x24
 i.CyBleStackMgr_BleSSShutdown
                0x00002bac       0x24 D:\Program Files (x86)\Cypress\PSoC Creator\3.1\PSoC Creator\psoc\content\cycomponentlibrary\CyComponentLibrary.cylib\BLE_v1_20\Library\gccCyBLEStack_BLE_SOC_PERIPHERAL.a(CyBleStackMgr_BleSSDriver.o)
                0x00002bac                CyBleStackMgr_BleSSShutdown

i.CyBleStackMgr_GenericIface
                0x00002bd0       0x3c
 i.CyBleStackMgr_GenericIface
                0x00002bd0       0x3c D:\Program Files (x86)\Cypress\PSoC Creator\3.1\PSoC Creator\psoc\content\cycomponentlibrary\CyComponentLibrary.cylib\BLE_v1_20\Library\gccCyBLEStack_BLE_SOC_PERIPHERAL.a(CyBleStackMgr_BleSSDriver.o)
                0x00002bd0                CyBleStackMgr_GenericIface

i.CyBleStackMgr_HandleBleSSIntr
                0x00002c0c       0x90
 i.CyBleStackMgr_HandleBleSSIntr
                0x00002c0c       0x90 D:\Program Files (x86)\Cypress\PSoC Creator\3.1\PSoC Creator\psoc\content\cycomponentlibrary\CyComponentLibrary.cylib\BLE_v1_20\Library\gccCyBLEStack_BLE_SOC_PERIPHERAL.a(CyBleStackMgr_BleSSDriver.o)
                0x00002c0c                CyBleStackMgr_HandleBleSSIntr

i.CyBleStackMgr_SetClockParam
                0x00002c9c       0xb4
 i.CyBleStackMgr_SetClockParam
                0x00002c9c       0xb4 D:\Program Files (x86)\Cypress\PSoC Creator\3.1\PSoC Creator\psoc\content\cycomponentlibrary\CyComponentLibrary.cylib\BLE_v1_20\Library\gccCyBLEStack_BLE_SOC_PERIPHERAL.a(CyBleStackMgr_BleSSDriver.o)

i.CyBleStackMgr_isXtalCpuClkSource
                0x00002d50       0x18
 i.CyBleStackMgr_isXtalCpuClkSource
                0x00002d50       0x18 D:\Program Files (x86)\Cypress\PSoC Creator\3.1\PSoC Creator\psoc\content\cycomponentlibrary\CyComponentLibrary.cylib\BLE_v1_20\Library\gccCyBLEStack_BLE_SOC_PERIPHERAL.a(CyBleStackMgr_BleSSDriver.o)
                0x00002d50                CyBleStackMgr_isXtalCpuClkSource

i.CyBle_EnterDsmMode
                0x00002d68       0x3c
 i.CyBle_EnterDsmMode
                0x00002d68       0x3c D:\Program Files (x86)\Cypress\PSoC Creator\3.1\PSoC Creator\psoc\content\cycomponentlibrary\CyComponentLibrary.cylib\BLE_v1_20\Library\gccCyBLEStack_BLE_SOC_PERIPHERAL.a(CyBleStackMgr_BleSSDriver.o)
                0x00002d68                CyBle_EnterDsmMode

i.CyBle_ExitDsmMode
                0x00002da4       0x2c
 i.CyBle_ExitDsmMode
                0x00002da4       0x2c D:\Program Files (x86)\Cypress\PSoC Creator\3.1\PSoC Creator\psoc\content\cycomponentlibrary\CyComponentLibrary.cylib\BLE_v1_20\Library\gccCyBLEStack_BLE_SOC_PERIPHERAL.a(CyBleStackMgr_BleSSDriver.o)
                0x00002da4                CyBle_ExitDsmMode

i.CyBle_GetBleSsOperationalMode
                0x00002dd0        0xc
 i.CyBle_GetBleSsOperationalMode
                0x00002dd0        0xc D:\Program Files (x86)\Cypress\PSoC Creator\3.1\PSoC Creator\psoc\content\cycomponentlibrary\CyComponentLibrary.cylib\BLE_v1_20\Library\gccCyBLEStack_BLE_SOC_PERIPHERAL.a(CyBleStackMgr_BleSSDriver.o)
                0x00002dd0                CyBle_GetBleSsOperationalMode

i.CyBle_GetEventCloseState
                0x00002ddc       0x10
 i.CyBle_GetEventCloseState
                0x00002ddc       0x10 D:\Program Files (x86)\Cypress\PSoC Creator\3.1\PSoC Creator\psoc\content\cycomponentlibrary\CyComponentLibrary.cylib\BLE_v1_20\Library\gccCyBLEStack_BLE_SOC_PERIPHERAL.a(CyBleStackMgr_BleSSDriver.o)
                0x00002ddc                CyBle_GetEventCloseState

i.CyBle_GetLpMode
                0x00002dec       0x26
 i.CyBle_GetLpMode
                0x00002dec       0x26 D:\Program Files (x86)\Cypress\PSoC Creator\3.1\PSoC Creator\psoc\content\cycomponentlibrary\CyComponentLibrary.cylib\BLE_v1_20\Library\gccCyBLEStack_BLE_SOC_PERIPHERAL.a(CyBleStackMgr_BleSSDriver.o)
                0x00002dec                CyBle_GetLpMode

i.CyBle_GetTxGainMode
                0x00002e14       0x2c
 i.CyBle_GetTxGainMode
                0x00002e14       0x2c D:\Program Files (x86)\Cypress\PSoC Creator\3.1\PSoC Creator\psoc\content\cycomponentlibrary\CyComponentLibrary.cylib\BLE_v1_20\Library\gccCyBLEStack_BLE_SOC_PERIPHERAL.a(CyBleStackMgr_BleSSDriver.o)
                0x00002e14                CyBle_GetTxGainMode

i.CyBle_SetAutoWakeUp
                0x00002e40        0xc
 i.CyBle_SetAutoWakeUp
                0x00002e40        0xc D:\Program Files (x86)\Cypress\PSoC Creator\3.1\PSoC Creator\psoc\content\cycomponentlibrary\CyComponentLibrary.cylib\BLE_v1_20\Library\gccCyBLEStack_BLE_SOC_PERIPHERAL.a(CyBleStackMgr_BleSSDriver.o)
                0x00002e40                CyBle_SetAutoWakeUp

i.CyBle_SetBleSsOperationalMode
                0x00002e4c       0x20
 i.CyBle_SetBleSsOperationalMode
                0x00002e4c       0x20 D:\Program Files (x86)\Cypress\PSoC Creator\3.1\PSoC Creator\psoc\content\cycomponentlibrary\CyComponentLibrary.cylib\BLE_v1_20\Library\gccCyBLEStack_BLE_SOC_PERIPHERAL.a(CyBleStackMgr_BleSSDriver.o)
                0x00002e4c                CyBle_SetBleSsOperationalMode

i.CyBle_SetEventCloseState
                0x00002e6c        0xc
 i.CyBle_SetEventCloseState
                0x00002e6c        0xc D:\Program Files (x86)\Cypress\PSoC Creator\3.1\PSoC Creator\psoc\content\cycomponentlibrary\CyComponentLibrary.cylib\BLE_v1_20\Library\gccCyBLEStack_BLE_SOC_PERIPHERAL.a(CyBleStackMgr_BleSSDriver.o)
                0x00002e6c                CyBle_SetEventCloseState

i.CyBle_SetRxGainMode
                0x00002e78       0x20
 i.CyBle_SetRxGainMode
                0x00002e78       0x20 D:\Program Files (x86)\Cypress\PSoC Creator\3.1\PSoC Creator\psoc\content\cycomponentlibrary\CyComponentLibrary.cylib\BLE_v1_20\Library\gccCyBLEStack_BLE_SOC_PERIPHERAL.a(CyBleStackMgr_BleSSDriver.o)
                0x00002e78                CyBle_SetRxGainMode

i.CyBle_SetTxGainMode
                0x00002e98       0x38
 i.CyBle_SetTxGainMode
                0x00002e98       0x38 D:\Program Files (x86)\Cypress\PSoC Creator\3.1\PSoC Creator\psoc\content\cycomponentlibrary\CyComponentLibrary.cylib\BLE_v1_20\Library\gccCyBLEStack_BLE_SOC_PERIPHERAL.a(CyBleStackMgr_BleSSDriver.o)
                0x00002e98                CyBle_SetTxGainMode

i.pf_rf_get_abs_rssi
                0x00002ed0       0x24
 i.pf_rf_get_abs_rssi
                0x00002ed0       0x24 D:\Program Files (x86)\Cypress\PSoC Creator\3.1\PSoC Creator\psoc\content\cycomponentlibrary\CyComponentLibrary.cylib\BLE_v1_20\Library\gccCyBLEStack_BLE_SOC_PERIPHERAL.a(CyBleStackMgr_BleSSDriver.o)
                0x00002ed0                pf_rf_get_abs_rssi

i.OS_init       0x00002ef4       0x64
 i.OS_init      0x00002ef4       0x64 D:\Program Files (x86)\Cypress\PSoC Creator\3.1\PSoC Creator\psoc\content\cycomponentlibrary\CyComponentLibrary.cylib\BLE_v1_20\Library\gccCyBLEStack_BLE_SOC_PERIPHERAL.a(mint_os.o)
                0x00002ef4                OS_init

i.mintos_malloc
                0x00002f58       0x34
 i.mintos_malloc
                0x00002f58       0x34 D:\Program Files (x86)\Cypress\PSoC Creator\3.1\PSoC Creator\psoc\content\cycomponentlibrary\CyComponentLibrary.cylib\BLE_v1_20\Library\gccCyBLEStack_BLE_SOC_PERIPHERAL.a(mint_os.o)
                0x00002f58                mintos_malloc

i.OS_create_queue
                0x00002f8c       0x64
 i.OS_create_queue
                0x00002f8c       0x64 D:\Program Files (x86)\Cypress\PSoC Creator\3.1\PSoC Creator\psoc\content\cycomponentlibrary\CyComponentLibrary.cylib\BLE_v1_20\Library\gccCyBLEStack_BLE_SOC_PERIPHERAL.a(mint_os_queue.o)
                0x00002f8c                OS_create_queue

i.OS_enqueue_item
                0x00002ff0       0x8c
 i.OS_enqueue_item
                0x00002ff0       0x8c D:\Program Files (x86)\Cypress\PSoC Creator\3.1\PSoC Creator\psoc\content\cycomponentlibrary\CyComponentLibrary.cylib\BLE_v1_20\Library\gccCyBLEStack_BLE_SOC_PERIPHERAL.a(mint_os_queue.o)
                0x00002ff0                OS_enqueue_item

i.OS_queue_get_num_of_items
                0x0000307c       0x28
 i.OS_queue_get_num_of_items
                0x0000307c       0x28 D:\Program Files (x86)\Cypress\PSoC Creator\3.1\PSoC Creator\psoc\content\cycomponentlibrary\CyComponentLibrary.cylib\BLE_v1_20\Library\gccCyBLEStack_BLE_SOC_PERIPHERAL.a(mint_os_queue.o)
                0x0000307c                OS_queue_get_num_of_items

i.OS_queue_mgmt_init
                0x000030a4       0x40
 i.OS_queue_mgmt_init
                0x000030a4       0x40 D:\Program Files (x86)\Cypress\PSoC Creator\3.1\PSoC Creator\psoc\content\cycomponentlibrary\CyComponentLibrary.cylib\BLE_v1_20\Library\gccCyBLEStack_BLE_SOC_PERIPHERAL.a(mint_os_queue.o)
                0x000030a4                OS_queue_mgmt_init

i.OS_remove_item
                0x000030e4       0xa0
 i.OS_remove_item
                0x000030e4       0xa0 D:\Program Files (x86)\Cypress\PSoC Creator\3.1\PSoC Creator\psoc\content\cycomponentlibrary\CyComponentLibrary.cylib\BLE_v1_20\Library\gccCyBLEStack_BLE_SOC_PERIPHERAL.a(mint_os_queue.o)
                0x000030e4                OS_remove_item

i.OS_create_task
                0x00003184       0x88
 i.OS_create_task
                0x00003184       0x88 D:\Program Files (x86)\Cypress\PSoC Creator\3.1\PSoC Creator\psoc\content\cycomponentlibrary\CyComponentLibrary.cylib\BLE_v1_20\Library\gccCyBLEStack_BLE_SOC_PERIPHERAL.a(mint_os_task.o)
                0x00003184                OS_create_task

i.OS_isr_send_signal_to_task
                0x0000320c        0xc
 i.OS_isr_send_signal_to_task
                0x0000320c        0xc D:\Program Files (x86)\Cypress\PSoC Creator\3.1\PSoC Creator\psoc\content\cycomponentlibrary\CyComponentLibrary.cylib\BLE_v1_20\Library\gccCyBLEStack_BLE_SOC_PERIPHERAL.a(mint_os_task.o)
                0x0000320c                OS_isr_send_signal_to_task

i.OS_scheduler  0x00003218       0x64
 i.OS_scheduler
                0x00003218       0x64 D:\Program Files (x86)\Cypress\PSoC Creator\3.1\PSoC Creator\psoc\content\cycomponentlibrary\CyComponentLibrary.cylib\BLE_v1_20\Library\gccCyBLEStack_BLE_SOC_PERIPHERAL.a(mint_os_task.o)
                0x00003218                OS_scheduler

i.OS_send_signal_to_task
                0x0000327c        0xc
 i.OS_send_signal_to_task
                0x0000327c        0xc D:\Program Files (x86)\Cypress\PSoC Creator\3.1\PSoC Creator\psoc\content\cycomponentlibrary\CyComponentLibrary.cylib\BLE_v1_20\Library\gccCyBLEStack_BLE_SOC_PERIPHERAL.a(mint_os_task.o)
                0x0000327c                OS_send_signal_to_task

i.OS_send_signal_to_task_context
                0x00003288       0x3c
 i.OS_send_signal_to_task_context
                0x00003288       0x3c D:\Program Files (x86)\Cypress\PSoC Creator\3.1\PSoC Creator\psoc\content\cycomponentlibrary\CyComponentLibrary.cylib\BLE_v1_20\Library\gccCyBLEStack_BLE_SOC_PERIPHERAL.a(mint_os_task.o)

i.OS_task_mgmt_init
                0x000032c4       0x50
 i.OS_task_mgmt_init
                0x000032c4       0x50 D:\Program Files (x86)\Cypress\PSoC Creator\3.1\PSoC Creator\psoc\content\cycomponentlibrary\CyComponentLibrary.cylib\BLE_v1_20\Library\gccCyBLEStack_BLE_SOC_PERIPHERAL.a(mint_os_task.o)
                0x000032c4                OS_task_mgmt_init

i.mint_buf_mgmt_allocate_buffer
                0x00003314       0x4c
 i.mint_buf_mgmt_allocate_buffer
                0x00003314       0x4c D:\Program Files (x86)\Cypress\PSoC Creator\3.1\PSoC Creator\psoc\content\cycomponentlibrary\CyComponentLibrary.cylib\BLE_v1_20\Library\gccCyBLEStack_BLE_SOC_PERIPHERAL.a(mint_buf_mgmt.o)
                0x00003314                mint_buf_mgmt_allocate_buffer

i.mint_buf_mgmt_create_pool
                0x00003360       0xd8
 i.mint_buf_mgmt_create_pool
                0x00003360       0xd8 D:\Program Files (x86)\Cypress\PSoC Creator\3.1\PSoC Creator\psoc\content\cycomponentlibrary\CyComponentLibrary.cylib\BLE_v1_20\Library\gccCyBLEStack_BLE_SOC_PERIPHERAL.a(mint_buf_mgmt.o)
                0x00003360                mint_buf_mgmt_create_pool

i.mint_buf_mgmt_free_buffer
                0x00003438       0xa4
 i.mint_buf_mgmt_free_buffer
                0x00003438       0xa4 D:\Program Files (x86)\Cypress\PSoC Creator\3.1\PSoC Creator\psoc\content\cycomponentlibrary\CyComponentLibrary.cylib\BLE_v1_20\Library\gccCyBLEStack_BLE_SOC_PERIPHERAL.a(mint_buf_mgmt.o)
                0x00003438                mint_buf_mgmt_free_buffer

i.mint_buf_mgmt_get_free_heap
                0x000034dc       0x1c
 i.mint_buf_mgmt_get_free_heap
                0x000034dc       0x1c D:\Program Files (x86)\Cypress\PSoC Creator\3.1\PSoC Creator\psoc\content\cycomponentlibrary\CyComponentLibrary.cylib\BLE_v1_20\Library\gccCyBLEStack_BLE_SOC_PERIPHERAL.a(mint_buf_mgmt.o)
                0x000034dc                mint_buf_mgmt_get_free_heap

i.mint_buf_mgmt_init
                0x000034f8       0x44
 i.mint_buf_mgmt_init
                0x000034f8       0x44 D:\Program Files (x86)\Cypress\PSoC Creator\3.1\PSoC Creator\psoc\content\cycomponentlibrary\CyComponentLibrary.cylib\BLE_v1_20\Library\gccCyBLEStack_BLE_SOC_PERIPHERAL.a(mint_buf_mgmt.o)
                0x000034f8                mint_buf_mgmt_init

i.mint_buf_mgmt_malloc
                0x0000353c       0x2c
 i.mint_buf_mgmt_malloc
                0x0000353c       0x2c D:\Program Files (x86)\Cypress\PSoC Creator\3.1\PSoC Creator\psoc\content\cycomponentlibrary\CyComponentLibrary.cylib\BLE_v1_20\Library\gccCyBLEStack_BLE_SOC_PERIPHERAL.a(mint_buf_mgmt.o)
                0x0000353c                mint_buf_mgmt_malloc

i.mint_buf_mgmt_reset_pool
                0x00003568       0x70
 i.mint_buf_mgmt_reset_pool
                0x00003568       0x70 D:\Program Files (x86)\Cypress\PSoC Creator\3.1\PSoC Creator\psoc\content\cycomponentlibrary\CyComponentLibrary.cylib\BLE_v1_20\Library\gccCyBLEStack_BLE_SOC_PERIPHERAL.a(mint_buf_mgmt.o)
                0x00003568                mint_buf_mgmt_reset_pool

i.mint_buf_mgmt_stack_init
                0x000035d8       0x24
 i.mint_buf_mgmt_stack_init
                0x000035d8       0x24 D:\Program Files (x86)\Cypress\PSoC Creator\3.1\PSoC Creator\psoc\content\cycomponentlibrary\CyComponentLibrary.cylib\BLE_v1_20\Library\gccCyBLEStack_BLE_SOC_PERIPHERAL.a(mint_buf_mgmt.o)
                0x000035d8                mint_buf_mgmt_stack_init

i.mint_buf_mgmt_stack_pop
                0x000035fc       0x36
 i.mint_buf_mgmt_stack_pop
                0x000035fc       0x36 D:\Program Files (x86)\Cypress\PSoC Creator\3.1\PSoC Creator\psoc\content\cycomponentlibrary\CyComponentLibrary.cylib\BLE_v1_20\Library\gccCyBLEStack_BLE_SOC_PERIPHERAL.a(mint_buf_mgmt.o)
                0x000035fc                mint_buf_mgmt_stack_pop

i.mint_buf_mgmt_stack_push
                0x00003632       0x36
 i.mint_buf_mgmt_stack_push
                0x00003632       0x36 D:\Program Files (x86)\Cypress\PSoC Creator\3.1\PSoC Creator\psoc\content\cycomponentlibrary\CyComponentLibrary.cylib\BLE_v1_20\Library\gccCyBLEStack_BLE_SOC_PERIPHERAL.a(mint_buf_mgmt.o)
                0x00003632                mint_buf_mgmt_stack_push

i.mint_buf_mgmt_stack_reset
                0x00003668       0x1e
 i.mint_buf_mgmt_stack_reset
                0x00003668       0x1e D:\Program Files (x86)\Cypress\PSoC Creator\3.1\PSoC Creator\psoc\content\cycomponentlibrary\CyComponentLibrary.cylib\BLE_v1_20\Library\gccCyBLEStack_BLE_SOC_PERIPHERAL.a(mint_buf_mgmt.o)
                0x00003668                mint_buf_mgmt_stack_reset

i.mint_buf_mgmt_stack_search_item
                0x00003686       0x30
 i.mint_buf_mgmt_stack_search_item
                0x00003686       0x30 D:\Program Files (x86)\Cypress\PSoC Creator\3.1\PSoC Creator\psoc\content\cycomponentlibrary\CyComponentLibrary.cylib\BLE_v1_20\Library\gccCyBLEStack_BLE_SOC_PERIPHERAL.a(mint_buf_mgmt.o)
                0x00003686                mint_buf_mgmt_stack_search_item

i.mint_buf_mgmt_pl_init
                0x000036b8       0x2c
 i.mint_buf_mgmt_pl_init
                0x000036b8       0x2c D:\Program Files (x86)\Cypress\PSoC Creator\3.1\PSoC Creator\psoc\content\cycomponentlibrary\CyComponentLibrary.cylib\BLE_v1_20\Library\gccCyBLEStack_BLE_SOC_PERIPHERAL.a(mint_buf_mgmt_pl.o)
                0x000036b8                mint_buf_mgmt_pl_init

i.CyBleControllerIP_GetPingState
                0x000036e4        0xc
 i.CyBleControllerIP_GetPingState
                0x000036e4        0xc D:\Program Files (x86)\Cypress\PSoC Creator\3.1\PSoC Creator\psoc\content\cycomponentlibrary\CyComponentLibrary.cylib\BLE_v1_20\Library\gccCyBLEStack_BLE_SOC_PERIPHERAL.a(CyBleControllerIP_Interface.o)
                0x000036e4                CyBleControllerIP_GetPingState

i.CyBleController_AddDeviceToWhiteList
                0x000036f0       0x40
 i.CyBleController_AddDeviceToWhiteList
                0x000036f0       0x40 D:\Program Files (x86)\Cypress\PSoC Creator\3.1\PSoC Creator\psoc\content\cycomponentlibrary\CyComponentLibrary.cylib\BLE_v1_20\Library\gccCyBLEStack_BLE_SOC_PERIPHERAL.a(CyBleControllerIP_Interface.o)
                0x000036f0                CyBleController_AddDeviceToWhiteList

i.CyBleController_EnterLowPowerMode
                0x00003730       0x2c
 i.CyBleController_EnterLowPowerMode
                0x00003730       0x2c D:\Program Files (x86)\Cypress\PSoC Creator\3.1\PSoC Creator\psoc\content\cycomponentlibrary\CyComponentLibrary.cylib\BLE_v1_20\Library\gccCyBLEStack_BLE_SOC_PERIPHERAL.a(CyBleControllerIP_Interface.o)
                0x00003730                CyBleController_EnterLowPowerMode

i.CyBleController_ExitLowPowerMode
                0x0000375c       0x10
 i.CyBleController_ExitLowPowerMode
                0x0000375c       0x10 D:\Program Files (x86)\Cypress\PSoC Creator\3.1\PSoC Creator\psoc\content\cycomponentlibrary\CyComponentLibrary.cylib\BLE_v1_20\Library\gccCyBLEStack_BLE_SOC_PERIPHERAL.a(CyBleControllerIP_Interface.o)
                0x0000375c                CyBleController_ExitLowPowerMode

i.CyBleController_Init
                0x0000376c       0x3c
 i.CyBleController_Init
                0x0000376c       0x3c D:\Program Files (x86)\Cypress\PSoC Creator\3.1\PSoC Creator\psoc\content\cycomponentlibrary\CyComponentLibrary.cylib\BLE_v1_20\Library\gccCyBLEStack_BLE_SOC_PERIPHERAL.a(CyBleControllerIP_Interface.o)
                0x0000376c                CyBleController_Init

i.CyBleController_SetDeviceAddress
                0x000037a8       0x2e
 i.CyBleController_SetDeviceAddress
                0x000037a8       0x2e D:\Program Files (x86)\Cypress\PSoC Creator\3.1\PSoC Creator\psoc\content\cycomponentlibrary\CyComponentLibrary.cylib\BLE_v1_20\Library\gccCyBLEStack_BLE_SOC_PERIPHERAL.a(CyBleControllerIP_Interface.o)
                0x000037a8                CyBleController_SetDeviceAddress

i.CyBle_GetBleSsState
                0x000037d6       0x10
 i.CyBle_GetBleSsState
                0x000037d6       0x10 D:\Program Files (x86)\Cypress\PSoC Creator\3.1\PSoC Creator\psoc\content\cycomponentlibrary\CyComponentLibrary.cylib\BLE_v1_20\Library\gccCyBLEStack_BLE_SOC_PERIPHERAL.a(CyBleControllerIP_Interface.o)
                0x000037d6                CyBle_GetBleSsState

i.CyBle_GetTxPowerLevel
                0x000037e6       0x4e
 i.CyBle_GetTxPowerLevel
                0x000037e6       0x4e D:\Program Files (x86)\Cypress\PSoC Creator\3.1\PSoC Creator\psoc\content\cycomponentlibrary\CyComponentLibrary.cylib\BLE_v1_20\Library\gccCyBLEStack_BLE_SOC_PERIPHERAL.a(CyBleControllerIP_Interface.o)
                0x000037e6                CyBle_GetTxPowerLevel

i.CyBle_SetTxPowerLevel
                0x00003834       0x56
 i.CyBle_SetTxPowerLevel
                0x00003834       0x56 D:\Program Files (x86)\Cypress\PSoC Creator\3.1\PSoC Creator\psoc\content\cycomponentlibrary\CyComponentLibrary.cylib\BLE_v1_20\Library\gccCyBLEStack_BLE_SOC_PERIPHERAL.a(CyBleControllerIP_Interface.o)
                0x00003834                CyBle_SetTxPowerLevel

i.ll_check_and_mark_packet_ready_for_transmission
                0x0000388c       0x28
 i.ll_check_and_mark_packet_ready_for_transmission
                0x0000388c       0x28 D:\Program Files (x86)\Cypress\PSoC Creator\3.1\PSoC Creator\psoc\content\cycomponentlibrary\CyComponentLibrary.cylib\BLE_v1_20\Library\gccCyBLEStack_BLE_SOC_PERIPHERAL.a(ll.o)
                0x0000388c                ll_check_and_mark_packet_ready_for_transmission

i.ll_cleanup_pending_data_pdu
                0x000038b4       0x38
 i.ll_cleanup_pending_data_pdu
                0x000038b4       0x38 D:\Program Files (x86)\Cypress\PSoC Creator\3.1\PSoC Creator\psoc\content\cycomponentlibrary\CyComponentLibrary.cylib\BLE_v1_20\Library\gccCyBLEStack_BLE_SOC_PERIPHERAL.a(ll.o)
                0x000038b4                ll_cleanup_pending_data_pdu

i.ll_enter_dsm_mode
                0x000038ec      0x1a4
 i.ll_enter_dsm_mode
                0x000038ec      0x1a4 D:\Program Files (x86)\Cypress\PSoC Creator\3.1\PSoC Creator\psoc\content\cycomponentlibrary\CyComponentLibrary.cylib\BLE_v1_20\Library\gccCyBLEStack_BLE_SOC_PERIPHERAL.a(ll.o)
                0x000038ec                ll_enter_dsm_mode

i.ll_enter_hibernate_mode
                0x00003a90       0x28
 i.ll_enter_hibernate_mode
                0x00003a90       0x28 D:\Program Files (x86)\Cypress\PSoC Creator\3.1\PSoC Creator\psoc\content\cycomponentlibrary\CyComponentLibrary.cylib\BLE_v1_20\Library\gccCyBLEStack_BLE_SOC_PERIPHERAL.a(ll.o)
                0x00003a90                ll_enter_hibernate_mode

i.ll_enter_sm_mode
                0x00003ab8       0x60
 i.ll_enter_sm_mode
                0x00003ab8       0x60 D:\Program Files (x86)\Cypress\PSoC Creator\3.1\PSoC Creator\psoc\content\cycomponentlibrary\CyComponentLibrary.cylib\BLE_v1_20\Library\gccCyBLEStack_BLE_SOC_PERIPHERAL.a(ll.o)
                0x00003ab8                ll_enter_sm_mode

i.ll_exit_low_power_mode
                0x00003b18       0xac
 i.ll_exit_low_power_mode
                0x00003b18       0xac D:\Program Files (x86)\Cypress\PSoC Creator\3.1\PSoC Creator\psoc\content\cycomponentlibrary\CyComponentLibrary.cylib\BLE_v1_20\Library\gccCyBLEStack_BLE_SOC_PERIPHERAL.a(ll.o)
                0x00003b18                ll_exit_low_power_mode

i.ll_get_ack_status
                0x00003bc4       0x3c
 i.ll_get_ack_status
                0x00003bc4       0x3c D:\Program Files (x86)\Cypress\PSoC Creator\3.1\PSoC Creator\psoc\content\cycomponentlibrary\CyComponentLibrary.cylib\BLE_v1_20\Library\gccCyBLEStack_BLE_SOC_PERIPHERAL.a(ll.o)
                0x00003bc4                ll_get_ack_status

i.ll_get_ack_status_for_all_connections
                0x00003c00       0x34
 i.ll_get_ack_status_for_all_connections
                0x00003c00       0x34 D:\Program Files (x86)\Cypress\PSoC Creator\3.1\PSoC Creator\psoc\content\cycomponentlibrary\CyComponentLibrary.cylib\BLE_v1_20\Library\gccCyBLEStack_BLE_SOC_PERIPHERAL.a(ll.o)
                0x00003c00                ll_get_ack_status_for_all_connections

i.ll_get_adv_ch_tx_power
                0x00003c34       0x20
 i.ll_get_adv_ch_tx_power
                0x00003c34       0x20 D:\Program Files (x86)\Cypress\PSoC Creator\3.1\PSoC Creator\psoc\content\cycomponentlibrary\CyComponentLibrary.cylib\BLE_v1_20\Library\gccCyBLEStack_BLE_SOC_PERIPHERAL.a(ll.o)
                0x00003c34                ll_get_adv_ch_tx_power

i.ll_get_data_channel_map
                0x00003c54       0x24
 i.ll_get_data_channel_map
                0x00003c54       0x24 D:\Program Files (x86)\Cypress\PSoC Creator\3.1\PSoC Creator\psoc\content\cycomponentlibrary\CyComponentLibrary.cylib\BLE_v1_20\Library\gccCyBLEStack_BLE_SOC_PERIPHERAL.a(ll.o)
                0x00003c54                ll_get_data_channel_map

i.ll_get_max_white_list_size
                0x00003c78        0xc
 i.ll_get_max_white_list_size
                0x00003c78        0xc D:\Program Files (x86)\Cypress\PSoC Creator\3.1\PSoC Creator\psoc\content\cycomponentlibrary\CyComponentLibrary.cylib\BLE_v1_20\Library\gccCyBLEStack_BLE_SOC_PERIPHERAL.a(ll.o)
                0x00003c78                ll_get_max_white_list_size

i.ll_get_my_role
                0x00003c84        0xc
 i.ll_get_my_role
                0x00003c84        0xc D:\Program Files (x86)\Cypress\PSoC Creator\3.1\PSoC Creator\psoc\content\cycomponentlibrary\CyComponentLibrary.cylib\BLE_v1_20\Library\gccCyBLEStack_BLE_SOC_PERIPHERAL.a(ll.o)
                0x00003c84                ll_get_my_role

i.ll_get_next_available_fifo_for_data_pdu
                0x00003c90        0x8
 i.ll_get_next_available_fifo_for_data_pdu
                0x00003c90        0x8 D:\Program Files (x86)\Cypress\PSoC Creator\3.1\PSoC Creator\psoc\content\cycomponentlibrary\CyComponentLibrary.cylib\BLE_v1_20\Library\gccCyBLEStack_BLE_SOC_PERIPHERAL.a(ll.o)
                0x00003c90                ll_get_next_available_fifo_for_data_pdu

i.ll_get_next_available_fifo_for_ll_pdu
                0x00003c98       0x24
 i.ll_get_next_available_fifo_for_ll_pdu
                0x00003c98       0x24 D:\Program Files (x86)\Cypress\PSoC Creator\3.1\PSoC Creator\psoc\content\cycomponentlibrary\CyComponentLibrary.cylib\BLE_v1_20\Library\gccCyBLEStack_BLE_SOC_PERIPHERAL.a(ll.o)
                0x00003c98                ll_get_next_available_fifo_for_ll_pdu

i.ll_get_rssi_value
                0x00003cbc       0x26
 i.ll_get_rssi_value
                0x00003cbc       0x26 D:\Program Files (x86)\Cypress\PSoC Creator\3.1\PSoC Creator\psoc\content\cycomponentlibrary\CyComponentLibrary.cylib\BLE_v1_20\Library\gccCyBLEStack_BLE_SOC_PERIPHERAL.a(ll.o)
                0x00003cbc                ll_get_rssi_value

i.ll_get_transmit_power_level
                0x00003ce4       0x2c
 i.ll_get_transmit_power_level
                0x00003ce4       0x2c D:\Program Files (x86)\Cypress\PSoC Creator\3.1\PSoC Creator\psoc\content\cycomponentlibrary\CyComponentLibrary.cylib\BLE_v1_20\Library\gccCyBLEStack_BLE_SOC_PERIPHERAL.a(ll.o)
                0x00003ce4                ll_get_transmit_power_level

i.ll_handle_ack_received
                0x00003d10       0x74
 i.ll_handle_ack_received
                0x00003d10       0x74 D:\Program Files (x86)\Cypress\PSoC Creator\3.1\PSoC Creator\psoc\content\cycomponentlibrary\CyComponentLibrary.cylib\BLE_v1_20\Library\gccCyBLEStack_BLE_SOC_PERIPHERAL.a(ll.o)
                0x00003d10                ll_handle_ack_received

i.ll_handle_add_device_in_whitelist
                0x00003d84       0x3a
 i.ll_handle_add_device_in_whitelist
                0x00003d84       0x3a D:\Program Files (x86)\Cypress\PSoC Creator\3.1\PSoC Creator\psoc\content\cycomponentlibrary\CyComponentLibrary.cylib\BLE_v1_20\Library\gccCyBLEStack_BLE_SOC_PERIPHERAL.a(ll.o)
                0x00003d84                ll_handle_add_device_in_whitelist

i.ll_handle_clear_whitelist
                0x00003dbe       0x16
 i.ll_handle_clear_whitelist
                0x00003dbe       0x16 D:\Program Files (x86)\Cypress\PSoC Creator\3.1\PSoC Creator\psoc\content\cycomponentlibrary\CyComponentLibrary.cylib\BLE_v1_20\Library\gccCyBLEStack_BLE_SOC_PERIPHERAL.a(ll.o)
                0x00003dbe                ll_handle_clear_whitelist

i.ll_handle_encrypt_host_data
                0x00003dd4       0x36
 i.ll_handle_encrypt_host_data
                0x00003dd4       0x36 D:\Program Files (x86)\Cypress\PSoC Creator\3.1\PSoC Creator\psoc\content\cycomponentlibrary\CyComponentLibrary.cylib\BLE_v1_20\Library\gccCyBLEStack_BLE_SOC_PERIPHERAL.a(ll.o)
                0x00003dd4                ll_handle_encrypt_host_data

i.ll_handle_host_data_packet
                0x00003e0a       0x54
 i.ll_handle_host_data_packet
                0x00003e0a       0x54 D:\Program Files (x86)\Cypress\PSoC Creator\3.1\PSoC Creator\psoc\content\cycomponentlibrary\CyComponentLibrary.cylib\BLE_v1_20\Library\gccCyBLEStack_BLE_SOC_PERIPHERAL.a(ll.o)
                0x00003e0a                ll_handle_host_data_packet

i.ll_handle_read_host_channel_map
                0x00003e5e        0x4
 i.ll_handle_read_host_channel_map
                0x00003e5e        0x4 D:\Program Files (x86)\Cypress\PSoC Creator\3.1\PSoC Creator\psoc\content\cycomponentlibrary\CyComponentLibrary.cylib\BLE_v1_20\Library\gccCyBLEStack_BLE_SOC_PERIPHERAL.a(ll.o)
                0x00003e5e                ll_handle_read_host_channel_map

i.ll_handle_remove_device_in_whitelist
                0x00003e62       0x2a
 i.ll_handle_remove_device_in_whitelist
                0x00003e62       0x2a D:\Program Files (x86)\Cypress\PSoC Creator\3.1\PSoC Creator\psoc\content\cycomponentlibrary\CyComponentLibrary.cylib\BLE_v1_20\Library\gccCyBLEStack_BLE_SOC_PERIPHERAL.a(ll.o)
                0x00003e62                ll_handle_remove_device_in_whitelist

i.ll_handle_reset
                0x00003e8c        0xe
 i.ll_handle_reset
                0x00003e8c        0xe D:\Program Files (x86)\Cypress\PSoC Creator\3.1\PSoC Creator\psoc\content\cycomponentlibrary\CyComponentLibrary.cylib\BLE_v1_20\Library\gccCyBLEStack_BLE_SOC_PERIPHERAL.a(ll.o)
                0x00003e8c                ll_handle_reset

i.ll_handle_set_random_address
                0x00003e9a       0x36
 i.ll_handle_set_random_address
                0x00003e9a       0x36 D:\Program Files (x86)\Cypress\PSoC Creator\3.1\PSoC Creator\psoc\content\cycomponentlibrary\CyComponentLibrary.cylib\BLE_v1_20\Library\gccCyBLEStack_BLE_SOC_PERIPHERAL.a(ll.o)
                0x00003e9a                ll_handle_set_random_address

i.ll_init       0x00003ed0       0x18
 i.ll_init      0x00003ed0       0x18 D:\Program Files (x86)\Cypress\PSoC Creator\3.1\PSoC Creator\psoc\content\cycomponentlibrary\CyComponentLibrary.cylib\BLE_v1_20\Library\gccCyBLEStack_BLE_SOC_PERIPHERAL.a(ll.o)
                0x00003ed0                ll_init

i.ll_initialize_device_attributes
                0x00003ee8       0x4c
 i.ll_initialize_device_attributes
                0x00003ee8       0x4c D:\Program Files (x86)\Cypress\PSoC Creator\3.1\PSoC Creator\psoc\content\cycomponentlibrary\CyComponentLibrary.cylib\BLE_v1_20\Library\gccCyBLEStack_BLE_SOC_PERIPHERAL.a(ll.o)
                0x00003ee8                ll_initialize_device_attributes

i.ll_is_pkt_pending
                0x00003f34       0x2a
 i.ll_is_pkt_pending
                0x00003f34       0x2a D:\Program Files (x86)\Cypress\PSoC Creator\3.1\PSoC Creator\psoc\content\cycomponentlibrary\CyComponentLibrary.cylib\BLE_v1_20\Library\gccCyBLEStack_BLE_SOC_PERIPHERAL.a(ll.o)
                0x00003f34                ll_is_pkt_pending

i.ll_is_sent_pkt_pending
                0x00003f5e       0x1a
 i.ll_is_sent_pkt_pending
                0x00003f5e       0x1a D:\Program Files (x86)\Cypress\PSoC Creator\3.1\PSoC Creator\psoc\content\cycomponentlibrary\CyComponentLibrary.cylib\BLE_v1_20\Library\gccCyBLEStack_BLE_SOC_PERIPHERAL.a(ll.o)
                0x00003f5e                ll_is_sent_pkt_pending

i.ll_isr_exit_low_power_mode
                0x00003f78       0x16
 i.ll_isr_exit_low_power_mode
                0x00003f78       0x16 D:\Program Files (x86)\Cypress\PSoC Creator\3.1\PSoC Creator\psoc\content\cycomponentlibrary\CyComponentLibrary.cylib\BLE_v1_20\Library\gccCyBLEStack_BLE_SOC_PERIPHERAL.a(ll.o)
                0x00003f78                ll_isr_exit_low_power_mode

i.ll_load_host_data_packet
                0x00003f8e       0x4a
 i.ll_load_host_data_packet
                0x00003f8e       0x4a D:\Program Files (x86)\Cypress\PSoC Creator\3.1\PSoC Creator\psoc\content\cycomponentlibrary\CyComponentLibrary.cylib\BLE_v1_20\Library\gccCyBLEStack_BLE_SOC_PERIPHERAL.a(ll.o)
                0x00003f8e                ll_load_host_data_packet

i.ll_load_packet_to_fifo
                0x00003fd8       0x6e
 i.ll_load_packet_to_fifo
                0x00003fd8       0x6e D:\Program Files (x86)\Cypress\PSoC Creator\3.1\PSoC Creator\psoc\content\cycomponentlibrary\CyComponentLibrary.cylib\BLE_v1_20\Library\gccCyBLEStack_BLE_SOC_PERIPHERAL.a(ll.o)
                0x00003fd8                ll_load_packet_to_fifo

i.ll_process_acks
                0x00004046       0x3c
 i.ll_process_acks
                0x00004046       0x3c D:\Program Files (x86)\Cypress\PSoC Creator\3.1\PSoC Creator\psoc\content\cycomponentlibrary\CyComponentLibrary.cylib\BLE_v1_20\Library\gccCyBLEStack_BLE_SOC_PERIPHERAL.a(ll.o)
                0x00004046                ll_process_acks

i.ll_reset      0x00004082       0x12
 i.ll_reset     0x00004082       0x12 D:\Program Files (x86)\Cypress\PSoC Creator\3.1\PSoC Creator\psoc\content\cycomponentlibrary\CyComponentLibrary.cylib\BLE_v1_20\Library\gccCyBLEStack_BLE_SOC_PERIPHERAL.a(ll.o)
                0x00004082                ll_reset

i.ll_update_active_features
                0x00004094       0x58
 i.ll_update_active_features
                0x00004094       0x58 D:\Program Files (x86)\Cypress\PSoC Creator\3.1\PSoC Creator\psoc\content\cycomponentlibrary\CyComponentLibrary.cylib\BLE_v1_20\Library\gccCyBLEStack_BLE_SOC_PERIPHERAL.a(ll.o)
                0x00004094                ll_update_active_features

i.ll_update_device_fsm
                0x000040ec        0x8
 i.ll_update_device_fsm
                0x000040ec        0x8 D:\Program Files (x86)\Cypress\PSoC Creator\3.1\PSoC Creator\psoc\content\cycomponentlibrary\CyComponentLibrary.cylib\BLE_v1_20\Library\gccCyBLEStack_BLE_SOC_PERIPHERAL.a(ll.o)
                0x000040ec                ll_update_device_fsm

i.pf_le_start_timer
                0x000040f4       0x16
 i.pf_le_start_timer
                0x000040f4       0x16 D:\Program Files (x86)\Cypress\PSoC Creator\3.1\PSoC Creator\psoc\content\cycomponentlibrary\CyComponentLibrary.cylib\BLE_v1_20\Library\gccCyBLEStack_BLE_SOC_PERIPHERAL.a(ll.o)
                0x000040f4                pf_le_start_timer

i.pf_le_stop_timer
                0x0000410a       0x12
 i.pf_le_stop_timer
                0x0000410a       0x12 D:\Program Files (x86)\Cypress\PSoC Creator\3.1\PSoC Creator\psoc\content\cycomponentlibrary\CyComponentLibrary.cylib\BLE_v1_20\Library\gccCyBLEStack_BLE_SOC_PERIPHERAL.a(ll.o)
                0x0000410a                pf_le_stop_timer

i.CyBleControllerIP_TuneAdvEventInterPktSlots
                0x0000411c       0x44
 i.CyBleControllerIP_TuneAdvEventInterPktSlots
                0x0000411c       0x44 D:\Program Files (x86)\Cypress\PSoC Creator\3.1\PSoC Creator\psoc\content\cycomponentlibrary\CyComponentLibrary.cylib\BLE_v1_20\Library\gccCyBLEStack_BLE_SOC_PERIPHERAL.a(ll_advertiser.o)
                0x0000411c                CyBleControllerIP_TuneAdvEventInterPktSlots

i.ll_adv_is_configured_connection_adv
                0x00004160       0x1e
 i.ll_adv_is_configured_connection_adv
                0x00004160       0x1e D:\Program Files (x86)\Cypress\PSoC Creator\3.1\PSoC Creator\psoc\content\cycomponentlibrary\CyComponentLibrary.cylib\BLE_v1_20\Library\gccCyBLEStack_BLE_SOC_PERIPHERAL.a(ll_advertiser.o)
                0x00004160                ll_adv_is_configured_connection_adv

i.ll_check_random_address_in_use_by_advertiser
                0x0000417e       0x10
 i.ll_check_random_address_in_use_by_advertiser
                0x0000417e       0x10 D:\Program Files (x86)\Cypress\PSoC Creator\3.1\PSoC Creator\psoc\content\cycomponentlibrary\CyComponentLibrary.cylib\BLE_v1_20\Library\gccCyBLEStack_BLE_SOC_PERIPHERAL.a(ll_advertiser.o)
                0x0000417e                ll_check_random_address_in_use_by_advertiser

i.ll_check_whitelist_in_use_by_advertiser
                0x0000418e       0x10
 i.ll_check_whitelist_in_use_by_advertiser
                0x0000418e       0x10 D:\Program Files (x86)\Cypress\PSoC Creator\3.1\PSoC Creator\psoc\content\cycomponentlibrary\CyComponentLibrary.cylib\BLE_v1_20\Library\gccCyBLEStack_BLE_SOC_PERIPHERAL.a(ll_advertiser.o)
                0x0000418e                ll_check_whitelist_in_use_by_advertiser

i.ll_get_adv_status
                0x0000419e        0xc
 i.ll_get_adv_status
                0x0000419e        0xc D:\Program Files (x86)\Cypress\PSoC Creator\3.1\PSoC Creator\psoc\content\cycomponentlibrary\CyComponentLibrary.cylib\BLE_v1_20\Library\gccCyBLEStack_BLE_SOC_PERIPHERAL.a(ll_advertiser.o)
                0x0000419e                ll_get_adv_status

i.ll_get_adv_type
                0x000041aa       0x16
 i.ll_get_adv_type
                0x000041aa       0x16 D:\Program Files (x86)\Cypress\PSoC Creator\3.1\PSoC Creator\psoc\content\cycomponentlibrary\CyComponentLibrary.cylib\BLE_v1_20\Library\gccCyBLEStack_BLE_SOC_PERIPHERAL.a(ll_advertiser.o)
                0x000041aa                ll_get_adv_type

i.ll_handle_adv_intr
                0x000041c0       0x50
 i.ll_handle_adv_intr
                0x000041c0       0x50 D:\Program Files (x86)\Cypress\PSoC Creator\3.1\PSoC Creator\psoc\content\cycomponentlibrary\CyComponentLibrary.cylib\BLE_v1_20\Library\gccCyBLEStack_BLE_SOC_PERIPHERAL.a(ll_advertiser.o)
                0x000041c0                ll_handle_adv_intr

i.ll_handle_set_adv_data
                0x00004210       0x14
 i.ll_handle_set_adv_data
                0x00004210       0x14 D:\Program Files (x86)\Cypress\PSoC Creator\3.1\PSoC Creator\psoc\content\cycomponentlibrary\CyComponentLibrary.cylib\BLE_v1_20\Library\gccCyBLEStack_BLE_SOC_PERIPHERAL.a(ll_advertiser.o)
                0x00004210                ll_handle_set_adv_data

i.ll_handle_set_adv_parameters
                0x00004224       0x84
 i.ll_handle_set_adv_parameters
                0x00004224       0x84 D:\Program Files (x86)\Cypress\PSoC Creator\3.1\PSoC Creator\psoc\content\cycomponentlibrary\CyComponentLibrary.cylib\BLE_v1_20\Library\gccCyBLEStack_BLE_SOC_PERIPHERAL.a(ll_advertiser.o)
                0x00004224                ll_handle_set_adv_parameters

i.ll_handle_set_advertise_enable
                0x000042a8       0x70
 i.ll_handle_set_advertise_enable
                0x000042a8       0x70 D:\Program Files (x86)\Cypress\PSoC Creator\3.1\PSoC Creator\psoc\content\cycomponentlibrary\CyComponentLibrary.cylib\BLE_v1_20\Library\gccCyBLEStack_BLE_SOC_PERIPHERAL.a(ll_advertiser.o)
                0x000042a8                ll_handle_set_advertise_enable

i.ll_handle_set_scan_resp_data
                0x00004318       0x14
 i.ll_handle_set_scan_resp_data
                0x00004318       0x14 D:\Program Files (x86)\Cypress\PSoC Creator\3.1\PSoC Creator\psoc\content\cycomponentlibrary\CyComponentLibrary.cylib\BLE_v1_20\Library\gccCyBLEStack_BLE_SOC_PERIPHERAL.a(ll_advertiser.o)
                0x00004318                ll_handle_set_scan_resp_data

i.ll_init_advertiser
                0x0000432c       0x68
 i.ll_init_advertiser
                0x0000432c       0x68 D:\Program Files (x86)\Cypress\PSoC Creator\3.1\PSoC Creator\psoc\content\cycomponentlibrary\CyComponentLibrary.cylib\BLE_v1_20\Library\gccCyBLEStack_BLE_SOC_PERIPHERAL.a(ll_advertiser.o)
                0x0000432c                ll_init_advertiser

i.is_le_connection_handle
                0x00004394       0x28
 i.is_le_connection_handle
                0x00004394       0x28 D:\Program Files (x86)\Cypress\PSoC Creator\3.1\PSoC Creator\psoc\content\cycomponentlibrary\CyComponentLibrary.cylib\BLE_v1_20\Library\gccCyBLEStack_BLE_SOC_PERIPHERAL.a(ll_connection.o)
                0x00004394                is_le_connection_handle

i.le_assign_connection_handle
                0x000043bc       0x28
 i.le_assign_connection_handle
                0x000043bc       0x28 D:\Program Files (x86)\Cypress\PSoC Creator\3.1\PSoC Creator\psoc\content\cycomponentlibrary\CyComponentLibrary.cylib\BLE_v1_20\Library\gccCyBLEStack_BLE_SOC_PERIPHERAL.a(ll_connection.o)
                0x000043bc                le_assign_connection_handle

i.le_get_connection_index
                0x000043e4        0x6
 i.le_get_connection_index
                0x000043e4        0x6 D:\Program Files (x86)\Cypress\PSoC Creator\3.1\PSoC Creator\psoc\content\cycomponentlibrary\CyComponentLibrary.cylib\BLE_v1_20\Library\gccCyBLEStack_BLE_SOC_PERIPHERAL.a(ll_connection.o)
                0x000043e4                le_get_connection_index

i.ll_allocate_connection
                0x000043ec       0x44
 i.ll_allocate_connection
                0x000043ec       0x44 D:\Program Files (x86)\Cypress\PSoC Creator\3.1\PSoC Creator\psoc\content\cycomponentlibrary\CyComponentLibrary.cylib\BLE_v1_20\Library\gccCyBLEStack_BLE_SOC_PERIPHERAL.a(ll_connection.o)
                0x000043ec                ll_allocate_connection

i.ll_calculate_and_program_def_win_widen_drift
                0x00004430       0x14
 i.ll_calculate_and_program_def_win_widen_drift
                0x00004430       0x14 D:\Program Files (x86)\Cypress\PSoC Creator\3.1\PSoC Creator\psoc\content\cycomponentlibrary\CyComponentLibrary.cylib\BLE_v1_20\Library\gccCyBLEStack_BLE_SOC_PERIPHERAL.a(ll_connection.o)
                0x00004430                ll_calculate_and_program_def_win_widen_drift

i.ll_calculate_drift
                0x00004444       0x2c
 i.ll_calculate_drift
                0x00004444       0x2c D:\Program Files (x86)\Cypress\PSoC Creator\3.1\PSoC Creator\psoc\content\cycomponentlibrary\CyComponentLibrary.cylib\BLE_v1_20\Library\gccCyBLEStack_BLE_SOC_PERIPHERAL.a(ll_connection.o)
                0x00004444                ll_calculate_drift

i.ll_check_and_decrypt_ll_pdu
                0x00004470       0x68
 i.ll_check_and_decrypt_ll_pdu
                0x00004470       0x68 D:\Program Files (x86)\Cypress\PSoC Creator\3.1\PSoC Creator\psoc\content\cycomponentlibrary\CyComponentLibrary.cylib\BLE_v1_20\Library\gccCyBLEStack_BLE_SOC_PERIPHERAL.a(ll_connection.o)
                0x00004470                ll_check_and_decrypt_ll_pdu

i.ll_check_and_decrypt_packet
                0x000044d8       0x6a
 i.ll_check_and_decrypt_packet
                0x000044d8       0x6a D:\Program Files (x86)\Cypress\PSoC Creator\3.1\PSoC Creator\psoc\content\cycomponentlibrary\CyComponentLibrary.cylib\BLE_v1_20\Library\gccCyBLEStack_BLE_SOC_PERIPHERAL.a(ll_connection.o)
                0x000044d8                ll_check_and_decrypt_packet

i.ll_check_and_encrypt_ll_pdu
                0x00004542       0x72
 i.ll_check_and_encrypt_ll_pdu
                0x00004542       0x72 D:\Program Files (x86)\Cypress\PSoC Creator\3.1\PSoC Creator\psoc\content\cycomponentlibrary\CyComponentLibrary.cylib\BLE_v1_20\Library\gccCyBLEStack_BLE_SOC_PERIPHERAL.a(ll_connection.o)
                0x00004542                ll_check_and_encrypt_ll_pdu

i.ll_check_and_encrypt_packet
                0x000045b4       0x8a
 i.ll_check_and_encrypt_packet
                0x000045b4       0x8a D:\Program Files (x86)\Cypress\PSoC Creator\3.1\PSoC Creator\psoc\content\cycomponentlibrary\CyComponentLibrary.cylib\BLE_v1_20\Library\gccCyBLEStack_BLE_SOC_PERIPHERAL.a(ll_connection.o)
                0x000045b4                ll_check_and_encrypt_packet

i.ll_check_for_allowing_incoming_connection_update
                0x0000463e       0x42
 i.ll_check_for_allowing_incoming_connection_update
                0x0000463e       0x42 D:\Program Files (x86)\Cypress\PSoC Creator\3.1\PSoC Creator\psoc\content\cycomponentlibrary\CyComponentLibrary.cylib\BLE_v1_20\Library\gccCyBLEStack_BLE_SOC_PERIPHERAL.a(ll_connection.o)
                0x0000463e                ll_check_for_allowing_incoming_connection_update

i.ll_check_if_pdu_is_loaded_to_hardware
                0x00004680       0x1c
 i.ll_check_if_pdu_is_loaded_to_hardware
                0x00004680       0x1c D:\Program Files (x86)\Cypress\PSoC Creator\3.1\PSoC Creator\psoc\content\cycomponentlibrary\CyComponentLibrary.cylib\BLE_v1_20\Library\gccCyBLEStack_BLE_SOC_PERIPHERAL.a(ll_connection.o)
                0x00004680                ll_check_if_pdu_is_loaded_to_hardware

i.ll_check_random_address_in_use_by_initiator
                0x0000469c       0x30
 i.ll_check_random_address_in_use_by_initiator
                0x0000469c       0x30 D:\Program Files (x86)\Cypress\PSoC Creator\3.1\PSoC Creator\psoc\content\cycomponentlibrary\CyComponentLibrary.cylib\BLE_v1_20\Library\gccCyBLEStack_BLE_SOC_PERIPHERAL.a(ll_connection.o)
                0x0000469c                ll_check_random_address_in_use_by_initiator

i.ll_check_white_list_in_use_by_initiator
                0x000046cc       0x30
 i.ll_check_white_list_in_use_by_initiator
                0x000046cc       0x30 D:\Program Files (x86)\Cypress\PSoC Creator\3.1\PSoC Creator\psoc\content\cycomponentlibrary\CyComponentLibrary.cylib\BLE_v1_20\Library\gccCyBLEStack_BLE_SOC_PERIPHERAL.a(ll_connection.o)
                0x000046cc                ll_check_white_list_in_use_by_initiator

i.ll_conn_free_enc_txn_buffer
                0x000046fc       0x16
 i.ll_conn_free_enc_txn_buffer
                0x000046fc       0x16 D:\Program Files (x86)\Cypress\PSoC Creator\3.1\PSoC Creator\psoc\content\cycomponentlibrary\CyComponentLibrary.cylib\BLE_v1_20\Library\gccCyBLEStack_BLE_SOC_PERIPHERAL.a(ll_connection.o)
                0x000046fc                ll_conn_free_enc_txn_buffer

i.ll_conn_fsm_update_channel_state
                0x00004712        0x6
 i.ll_conn_fsm_update_channel_state
                0x00004712        0x6 D:\Program Files (x86)\Cypress\PSoC Creator\3.1\PSoC Creator\psoc\content\cycomponentlibrary\CyComponentLibrary.cylib\BLE_v1_20\Library\gccCyBLEStack_BLE_SOC_PERIPHERAL.a(ll_connection.o)
                0x00004712                ll_conn_fsm_update_channel_state

i.ll_conn_fsm_update_conn_update_state
                0x00004718        0x6
 i.ll_conn_fsm_update_conn_update_state
                0x00004718        0x6 D:\Program Files (x86)\Cypress\PSoC Creator\3.1\PSoC Creator\psoc\content\cycomponentlibrary\CyComponentLibrary.cylib\BLE_v1_20\Library\gccCyBLEStack_BLE_SOC_PERIPHERAL.a(ll_connection.o)
                0x00004718                ll_conn_fsm_update_conn_update_state

i.ll_conn_fsm_update_enc_state
                0x0000471e        0x6
 i.ll_conn_fsm_update_enc_state
                0x0000471e        0x6 D:\Program Files (x86)\Cypress\PSoC Creator\3.1\PSoC Creator\psoc\content\cycomponentlibrary\CyComponentLibrary.cylib\BLE_v1_20\Library\gccCyBLEStack_BLE_SOC_PERIPHERAL.a(ll_connection.o)
                0x0000471e                ll_conn_fsm_update_enc_state

i.ll_conn_fsm_update_state
                0x00004724        0x4
 i.ll_conn_fsm_update_state
                0x00004724        0x4 D:\Program Files (x86)\Cypress\PSoC Creator\3.1\PSoC Creator\psoc\content\cycomponentlibrary\CyComponentLibrary.cylib\BLE_v1_20\Library\gccCyBLEStack_BLE_SOC_PERIPHERAL.a(ll_connection.o)
                0x00004724                ll_conn_fsm_update_state

i.ll_conn_handle_data_pdu_from_host_when_data_paused
                0x00004728        0x8
 i.ll_conn_handle_data_pdu_from_host_when_data_paused
                0x00004728        0x8 D:\Program Files (x86)\Cypress\PSoC Creator\3.1\PSoC Creator\psoc\content\cycomponentlibrary\CyComponentLibrary.cylib\BLE_v1_20\Library\gccCyBLEStack_BLE_SOC_PERIPHERAL.a(ll_connection.o)
                0x00004728                ll_conn_handle_data_pdu_from_host_when_data_paused

i.ll_conn_handle_direct_adv_timeout
                0x00004730       0x2a
 i.ll_conn_handle_direct_adv_timeout
                0x00004730       0x2a D:\Program Files (x86)\Cypress\PSoC Creator\3.1\PSoC Creator\psoc\content\cycomponentlibrary\CyComponentLibrary.cylib\BLE_v1_20\Library\gccCyBLEStack_BLE_SOC_PERIPHERAL.a(ll_connection.o)
                0x00004730                ll_conn_handle_direct_adv_timeout

i.ll_conn_handle_ping_timer_expired_interrupt
                0x0000475c       0x1c
 i.ll_conn_handle_ping_timer_expired_interrupt
                0x0000475c       0x1c D:\Program Files (x86)\Cypress\PSoC Creator\3.1\PSoC Creator\psoc\content\cycomponentlibrary\CyComponentLibrary.cylib\BLE_v1_20\Library\gccCyBLEStack_BLE_SOC_PERIPHERAL.a(ll_connection.o)
                0x0000475c                ll_conn_handle_ping_timer_expired_interrupt

i.ll_conn_handle_ping_timer_nearly_expired_interrupt
                0x00004778       0x20
 i.ll_conn_handle_ping_timer_nearly_expired_interrupt
                0x00004778       0x20 D:\Program Files (x86)\Cypress\PSoC Creator\3.1\PSoC Creator\psoc\content\cycomponentlibrary\CyComponentLibrary.cylib\BLE_v1_20\Library\gccCyBLEStack_BLE_SOC_PERIPHERAL.a(ll_connection.o)
                0x00004778                ll_conn_handle_ping_timer_nearly_expired_interrupt

i.ll_conn_handle_stop_connectable_adv
                0x00004798       0x12
 i.ll_conn_handle_stop_connectable_adv
                0x00004798       0x12 D:\Program Files (x86)\Cypress\PSoC Creator\3.1\PSoC Creator\psoc\content\cycomponentlibrary\CyComponentLibrary.cylib\BLE_v1_20\Library\gccCyBLEStack_BLE_SOC_PERIPHERAL.a(ll_connection.o)
                0x00004798                ll_conn_handle_stop_connectable_adv

i.ll_conn_process_pending_transactions
                0x000047aa        0x4
 i.ll_conn_process_pending_transactions
                0x000047aa        0x4 D:\Program Files (x86)\Cypress\PSoC Creator\3.1\PSoC Creator\psoc\content\cycomponentlibrary\CyComponentLibrary.cylib\BLE_v1_20\Library\gccCyBLEStack_BLE_SOC_PERIPHERAL.a(ll_connection.o)
                0x000047aa                ll_conn_process_pending_transactions

i.ll_conn_program_authenticated_payload_timer
                0x000047b0       0x50
 i.ll_conn_program_authenticated_payload_timer
                0x000047b0       0x50 D:\Program Files (x86)\Cypress\PSoC Creator\3.1\PSoC Creator\psoc\content\cycomponentlibrary\CyComponentLibrary.cylib\BLE_v1_20\Library\gccCyBLEStack_BLE_SOC_PERIPHERAL.a(ll_connection.o)
                0x000047b0                ll_conn_program_authenticated_payload_timer

i.ll_conn_read_data_pdu_from_hardware
                0x00004800       0x14
 i.ll_conn_read_data_pdu_from_hardware
                0x00004800       0x14 D:\Program Files (x86)\Cypress\PSoC Creator\3.1\PSoC Creator\psoc\content\cycomponentlibrary\CyComponentLibrary.cylib\BLE_v1_20\Library\gccCyBLEStack_BLE_SOC_PERIPHERAL.a(ll_connection.o)
                0x00004800                ll_conn_read_data_pdu_from_hardware

i.ll_conn_send_ping_req_pdu
                0x00004814       0x40
 i.ll_conn_send_ping_req_pdu
                0x00004814       0x40 D:\Program Files (x86)\Cypress\PSoC Creator\3.1\PSoC Creator\psoc\content\cycomponentlibrary\CyComponentLibrary.cylib\BLE_v1_20\Library\gccCyBLEStack_BLE_SOC_PERIPHERAL.a(ll_connection.o)
                0x00004814                ll_conn_send_ping_req_pdu

i.ll_conn_store_pending_tx_pdu
                0x00004854       0x1a
 i.ll_conn_store_pending_tx_pdu
                0x00004854       0x1a D:\Program Files (x86)\Cypress\PSoC Creator\3.1\PSoC Creator\psoc\content\cycomponentlibrary\CyComponentLibrary.cylib\BLE_v1_20\Library\gccCyBLEStack_BLE_SOC_PERIPHERAL.a(ll_connection.o)
                0x00004854                ll_conn_store_pending_tx_pdu

i.ll_conn_update_rssi
                0x0000486e       0x16
 i.ll_conn_update_rssi
                0x0000486e       0x16 D:\Program Files (x86)\Cypress\PSoC Creator\3.1\PSoC Creator\psoc\content\cycomponentlibrary\CyComponentLibrary.cylib\BLE_v1_20\Library\gccCyBLEStack_BLE_SOC_PERIPHERAL.a(ll_connection.o)
                0x0000486e                ll_conn_update_rssi

i.ll_convert_hci_llid_to_ll_llid_host_to_controller
                0x00004884        0x8
 i.ll_convert_hci_llid_to_ll_llid_host_to_controller
                0x00004884        0x8 D:\Program Files (x86)\Cypress\PSoC Creator\3.1\PSoC Creator\psoc\content\cycomponentlibrary\CyComponentLibrary.cylib\BLE_v1_20\Library\gccCyBLEStack_BLE_SOC_PERIPHERAL.a(ll_connection.o)
                0x00004884                ll_convert_hci_llid_to_ll_llid_host_to_controller

i.ll_convert_ll_llid_to_hci_llid_controller_to_host
                0x0000488c        0x2
 i.ll_convert_ll_llid_to_hci_llid_controller_to_host
                0x0000488c        0x2 D:\Program Files (x86)\Cypress\PSoC Creator\3.1\PSoC Creator\psoc\content\cycomponentlibrary\CyComponentLibrary.cylib\BLE_v1_20\Library\gccCyBLEStack_BLE_SOC_PERIPHERAL.a(ll_connection.o)